 System.Data.SQLite

 Timestamp is 4e456dcd (Fri Aug 12 13:15:41 2011)

 Preferred load address is 10000000

 Start         Length     Name                   Class
 0001:00000000 000953f6H .text                   CODE
 0002:00000000 000001e8H .idata$5                DATA
 0002:000001e8 00000004H .CRT$XCA                DATA
 0002:000001ec 00000004H .CRT$XCZ                DATA
 0002:000001f0 00000004H .CRT$XIA                DATA
 0002:000001f4 00000004H .CRT$XIAA               DATA
 0002:000001f8 00000004H .CRT$XIC                DATA
 0002:000001fc 00000004H .CRT$XIZ                DATA
 0002:00000200 0002495cH .rdata                  DATA
 0002:00024b5c 0000007fH .rdata$debug            DATA
 0002:00024be0 00000004H .rdata$sxdata           DATA
 0002:00024be4 00000004H .rtc$IAA                DATA
 0002:00024be8 00000004H .rtc$IZZ                DATA
 0002:00024bec 00000004H .rtc$TAA                DATA
 0002:00024bf0 00000004H .rtc$TZZ                DATA
 0002:00024bf8 00000064H .xdata$x                DATA
 0002:00024c5c 00000050H .idata$2                DATA
 0002:00024cac 00000014H .idata$3                DATA
 0002:00024cc0 000001e8H .idata$4                DATA
 0002:00024ea8 000007a2H .idata$6                DATA
 0002:00025650 00001ed6H .edata                  DATA
 0003:00000000 00000b50H .data                   DATA
 0003:00000b60 00001484H .bss                    DATA
 0004:00000000 00000058H .rsrc$01                DATA
 0004:00000060 00000520H .rsrc$02                DATA

  Address         Publics by Value              Rva+Base       Lib:Object

 0000:00000000       __except_list              00000000     <absolute>
 0000:00000001       ___safe_se_handler_count   00000001     <absolute>
 0000:00009876       __ldused                   00009876     <absolute>
 0000:00009876       __fltused                  00009876     <absolute>
 0000:00000000       ___ImageBase               10000000     <linker-defined>
 0001:00000000       @__security_check_cookie@4 10001000 f   MSVCRT:secchk.obj
 0001:0000005d       __CRT_INIT@12              1000105d f   MSVCRT:crtdll.obj
 0001:0000037d       __DllMainCRTStartup@12     1000137d f   MSVCRT:crtdll.obj
 0001:000003a0       ___report_gsfailure        100013a0 f   MSVCRT:gs_report.obj
 0001:000004a6       ___clean_type_info_names   100014a6 f   MSVCRT:tncleanup.obj
 0001:000004b2       __onexit                   100014b2 f   MSVCRT:atonexit.obj
 0001:00000553       _atexit                    10001553 f   MSVCRT:atonexit.obj
 0001:0000056a       __RTC_Initialize           1000156a f   MSVCRT:_initsect_.obj
 0001:00000590       __RTC_Terminate            10001590 f   MSVCRT:_initsect_.obj
 0001:000005c0       __ValidateImageBase        100015c0 f   MSVCRT:pesect.obj
 0001:00000600       __FindPESection            10001600 f   MSVCRT:pesect.obj
 0001:00000650       __IsNonwritableInCurrentImage 10001650 f   MSVCRT:pesect.obj
 0001:0000070c       __initterm                 1000170c f   MSVCRT:MSVCR100.dll
 0001:00000712       __initterm_e               10001712 f   MSVCRT:MSVCR100.dll
 0001:00000718       __amsg_exit                10001718 f   MSVCRT:MSVCR100.dll
 0001:0000071e       ___CppXcptFilter           1000171e f   MSVCRT:MSVCR100.dll
 0001:00000724       _DllMain@12                10001724 f   MSVCRT:dllmain.obj
 0001:00000750       __SEH_prolog4              10001750 f   MSVCRT:sehprolg4.obj
 0001:00000795       __SEH_epilog4              10001795 f   MSVCRT:sehprolg4.obj
 0001:000007a9       __except_handler4          100017a9 f   MSVCRT:chandler4gs.obj
 0001:000007ce       ___security_init_cookie    100017ce f   MSVCRT:gs_support.obj
 0001:0000086a       __crt_debugger_hook        1000186a f   MSVCRT:MSVCR100.dll
 0001:00000870       ___clean_type_info_names_internal 10001870 f   MSVCRT:MSVCR100.dll
 0001:00000876       __unlock                   10001876 f   MSVCRT:MSVCR100.dll
 0001:0000087c       ___dllonexit               1000187c f   MSVCRT:MSVCR100.dll
 0001:00000882       __lock                     10001882 f   MSVCRT:MSVCR100.dll
 0001:00000888       __except_handler4_common   10001888 f   MSVCRT:MSVCR100.dll
 0001:000008f8       ?System.Data.SQLite.SQLiteConvert..ctor@@2001011174 100018f8 f   System.Data.SQLite.netmodule
 0001:00000914       ?System.Data.SQLite.SQLiteConvert.ToUTF8@@00011N050O 10001914 f   System.Data.SQLite.netmodule
 0001:00000950       ?System.Data.SQLite.SQLiteConvert.ToUTF8@@20011N051169 10001950 f   System.Data.SQLite.netmodule
 0001:0000096c       ?System.Data.SQLite.SQLiteConvert.ToString@@20020O1808 1000196c f   System.Data.SQLite.netmodule
 0001:00000980       ?System.Data.SQLite.SQLiteConvert.UTF8ToString@@00020O1808 10001980 f   System.Data.SQLite.netmodule
 0001:000009d4       ?System.Data.SQLite.SQLiteConvert.ToDateTime@@200111690O 100019d4 f   System.Data.SQLite.netmodule
 0001:00000a30       ?System.Data.SQLite.SQLiteConvert.ToDateTime@@200111690N 10001a30 f   System.Data.SQLite.netmodule
 0001:00000a50       ?System.Data.SQLite.SQLiteConvert.ToJulianDay@@20010N1169 10001a50 f   System.Data.SQLite.netmodule
 0001:00000a70       ?System.Data.SQLite.SQLiteConvert.ToString@@20010O1169 10001a70 f   System.Data.SQLite.netmodule
 0001:00000ad8       ?System.Data.SQLite.SQLiteConvert.ToDateTime@@200211691808 10001ad8 f   System.Data.SQLite.netmodule
 0001:00000af4       ?System.Data.SQLite.SQLiteConvert.Split@@00021N0O0O03 10001af4 f   System.Data.SQLite.netmodule
 0001:00000c50       ?System.Data.SQLite.SQLiteConvert.ToBoolean@@0001021M 10001c50 f   System.Data.SQLite.netmodule
 0001:00000c78       ?System.Data.SQLite.SQLiteConvert.ToBoolean@@0001020O 10001c78 f   System.Data.SQLite.netmodule
 0001:00000d74       ?System.Data.SQLite.SQLiteConvert.ColumnToType@@0003011280O408127M 10001d74 f   System.Data.SQLite.netmodule
 0001:00000da0       ?System.Data.SQLite.SQLiteConvert.SQLiteTypeToType@@0001126N127M 10001da0 f   System.Data.SQLite.netmodule
 0001:00000dd0       ?System.Data.SQLite.SQLiteConvert.TypeToDbType@@00011171126N 10001dd0 f   System.Data.SQLite.netmodule
 0001:00000e1c       ?System.Data.SQLite.SQLiteConvert.DbTypeToColumnSize@@0001081171 10001e1c f   System.Data.SQLite.netmodule
 0001:00000e30       ?System.Data.SQLite.SQLiteConvert.DbTypeToNumericPrecision@@00011M1171 10001e30 f   System.Data.SQLite.netmodule
 0001:00000e44       ?System.Data.SQLite.SQLiteConvert.DbTypeToNumericScale@@00011M1171 10001e44 f   System.Data.SQLite.netmodule
 0001:00000e58       ?System.Data.SQLite.SQLiteConvert.DbTypeToTypeName@@00010O1171 10001e58 f   System.Data.SQLite.netmodule
 0001:00000ea0       ?System.Data.SQLite.SQLiteConvert.DbTypeToType@@0001126N1171 10001ea0 f   System.Data.SQLite.netmodule
 0001:00000eb4       ?System.Data.SQLite.SQLiteConvert.TypeToAffinity@@00011170126N 10001eb4 f   System.Data.SQLite.netmodule
 0001:00000efc       ?System.Data.SQLite.SQLiteConvert.TypeNameToDbType@@000111710O 10001efc f   System.Data.SQLite.netmodule
 0001:00000f6c       ?System.Data.SQLite.SQLiteConvert..cctor@@000001 10001f6c f   System.Data.SQLite.netmodule
 0001:00001ad0       ?System.Data.SQLite.SQLiteBase..ctor@@2001011174 10002ad0 f   System.Data.SQLite.netmodule
 0001:00001ae4       ?System.Data.SQLite.SQLiteBase.Dispose@@20010102 10002ae4 f   System.Data.SQLite.netmodule
 0001:00001af4       ?System.Data.SQLite.SQLiteBase.Dispose@@200001 10002af4 f   System.Data.SQLite.netmodule
 0001:00001b10       ?System.Data.SQLite.SQLiteBase.SQLiteLastError@@00010O1280P4 10002b10 f   System.Data.SQLite.netmodule
 0001:00001b30       ?System.Data.SQLite.SQLiteBase.FinalizeStatement@@0001011280P8 10002b30 f   System.Data.SQLite.netmodule
 0001:00001b90       ?System.Data.SQLite.SQLiteBase.CloseConnection@@0001011280P4 10002b90 f   System.Data.SQLite.netmodule
 0001:00001bf4       ?System.Data.SQLite.SQLiteBase.ResetConnection@@0001011280P4 10002bf4 f   System.Data.SQLite.netmodule
 0001:00001ca8       ?System.Data.SQLite.SQLiteBase.IsAutocommit@@0001021280P4 10002ca8 f   System.Data.SQLite.netmodule
 0001:00001cc4       ?System.Data.SQLite.SQLiteBase..cctor@@000001 10002cc4 f   System.Data.SQLite.netmodule
 0001:00001cdc       ?System.Data.SQLite.SQLite3..ctor@@2001011174 10002cdc f   System.Data.SQLite.netmodule
 0001:00001cf0       ?System.Data.SQLite.SQLite3.Dispose@@20010102 10002cf0 f   System.Data.SQLite.netmodule
 0001:00001d08       ?System.Data.SQLite.SQLite3.Close@@200001 10002d08 f   System.Data.SQLite.netmodule
 0001:00001d5c       ?System.Data.SQLite.SQLite3.Cancel@@200001 10002d5c f   System.Data.SQLite.netmodule
 0001:00001d7c       ?System.Data.SQLite.SQLite3.get_Version@@20000O 10002d7c f   System.Data.SQLite.netmodule
 0001:00001d90       ?System.Data.SQLite.SQLite3.get_SQLiteVersion@@00000O 10002d90 f   System.Data.SQLite.netmodule
 0001:00001da8       ?System.Data.SQLite.SQLite3.get_AutoCommit@@200002 10002da8 f   System.Data.SQLite.netmodule
 0001:00001dc0       ?System.Data.SQLite.SQLite3.get_Changes@@200008 10002dc0 f   System.Data.SQLite.netmodule
 0001:00001de0       ?System.Data.SQLite.SQLite3.Shutdown@@200008 10002de0 f   System.Data.SQLite.netmodule
 0001:00001df4       ?System.Data.SQLite.SQLite3.IsOpen@@200002 10002df4 f   System.Data.SQLite.netmodule
 0001:00001e10       ?System.Data.SQLite.SQLite3.Open@@2004010O11200802 10002e10 f   System.Data.SQLite.netmodule
 0001:00001e90       ?System.Data.SQLite.SQLite3.ClearPool@@200001 10002e90 f   System.Data.SQLite.netmodule
 0001:00001ea8       ?System.Data.SQLite.SQLite3.SetTimeout@@20010108 10002ea8 f   System.Data.SQLite.netmodule
 0001:00001ed8       ?System.Data.SQLite.SQLite3.Step@@2001021280O4 10002ed8 f   System.Data.SQLite.netmodule
 0001:00001f80       ?System.Data.SQLite.SQLite3.Reset@@2001081280O4 10002f80 f   System.Data.SQLite.netmodule
 0001:00002030       ?System.Data.SQLite.SQLite3.SQLiteLastError@@20000O 10003030 f   System.Data.SQLite.netmodule
 0001:00002048       ?System.Data.SQLite.SQLite3.Prepare@@20051280O412300O1280O409100O 10003048 f   System.Data.SQLite.netmodule
 0001:000022bc       ?System.Data.SQLite.SQLite3.Bind_Double@@2003011280O4080N 100032bc f   System.Data.SQLite.netmodule
 0001:000022f0       ?System.Data.SQLite.SQLite3.Bind_Int32@@2003011280O40808 100032f0 f   System.Data.SQLite.netmodule
 0001:00002324       ?System.Data.SQLite.SQLite3.Bind_Int64@@2003011280O4080K 10003324 f   System.Data.SQLite.netmodule
 0001:00002358       ?System.Data.SQLite.SQLite3.Bind_Text@@2003011280O4080O 10003358 f   System.Data.SQLite.netmodule
 0001:0000239c       ?System.Data.SQLite.SQLite3.Bind_DateTime@@2003011280O4081169 1000339c f   System.Data.SQLite.netmodule
 0001:000023e0       ?System.Data.SQLite.SQLite3.Bind_Blob@@2003011280O4081N05 100033e0 f   System.Data.SQLite.netmodule
 0001:0000241c       ?System.Data.SQLite.SQLite3.Bind_Null@@2002011280O408 1000341c f   System.Data.SQLite.netmodule
 0001:0000244c       ?System.Data.SQLite.SQLite3.Bind_ParamCount@@2001081280O4 1000344c f   System.Data.SQLite.netmodule
 0001:0000246c       ?System.Data.SQLite.SQLite3.Bind_ParamName@@20020O1280O408 1000346c f   System.Data.SQLite.netmodule
 0001:00002494       ?System.Data.SQLite.SQLite3.Bind_ParamIndex@@2002081280O40O 10003494 f   System.Data.SQLite.netmodule
 0001:000024b8       ?System.Data.SQLite.SQLite3.ColumnCount@@2001081280O4 100034b8 f   System.Data.SQLite.netmodule
 0001:000024d8       ?System.Data.SQLite.SQLite3.ColumnName@@20020O1280O408 100034d8 f   System.Data.SQLite.netmodule
 0001:00002500       ?System.Data.SQLite.SQLite3.ColumnAffinity@@200211701280O408 10003500 f   System.Data.SQLite.netmodule
 0001:00002520       ?System.Data.SQLite.SQLite3.ColumnType@@20030O1280O408101170 10003520 f   System.Data.SQLite.netmodule
 0001:00002580       ?System.Data.SQLite.SQLite3.ColumnIndex@@2002081280O40O 10003580 f   System.Data.SQLite.netmodule
 0001:000025b8       ?System.Data.SQLite.SQLite3.ColumnOriginalName@@20020O1280O408 100035b8 f   System.Data.SQLite.netmodule
 0001:000025e0       ?System.Data.SQLite.SQLite3.ColumnDatabaseName@@20020O1280O408 100035e0 f   System.Data.SQLite.netmodule
 0001:00002608       ?System.Data.SQLite.SQLite3.ColumnTableName@@20020O1280O408 10003608 f   System.Data.SQLite.netmodule
 0001:00002630       ?System.Data.SQLite.SQLite3.ColumnMetaData@@2008010O0O0O100O100O100210021002 10003630 f   System.Data.SQLite.netmodule
 0001:000026ac       ?System.Data.SQLite.SQLite3.GetDouble@@20020N1280O408 100036ac f   System.Data.SQLite.netmodule
 0001:000026cc       ?System.Data.SQLite.SQLite3.GetInt32@@2002081280O408 100036cc f   System.Data.SQLite.netmodule
 0001:000026ec       ?System.Data.SQLite.SQLite3.GetInt64@@20020K1280O408 100036ec f   System.Data.SQLite.netmodule
 0001:0000270c       ?System.Data.SQLite.SQLite3.GetText@@20020O1280O408 1000370c f   System.Data.SQLite.netmodule
 0001:00002734       ?System.Data.SQLite.SQLite3.GetDateTime@@200211691280O408 10003734 f   System.Data.SQLite.netmodule
 0001:0000275c       ?System.Data.SQLite.SQLite3.GetBytes@@20060K1280O408081N050808 1000375c f   System.Data.SQLite.netmodule
 0001:000027d8       ?System.Data.SQLite.SQLite3.GetChars@@20060K1280O408081N030808 100037d8 f   System.Data.SQLite.netmodule
 0001:00002834       ?System.Data.SQLite.SQLite3.IsNull@@2002021280O408 10003834 f   System.Data.SQLite.netmodule
 0001:0000284c       ?System.Data.SQLite.SQLite3.AggregateCount@@20010818 1000384c f   System.Data.SQLite.netmodule
 0001:00002860       ?System.Data.SQLite.SQLite3.CreateFunction@@2006010O08021280L01280L01280L4 10003860 f   System.Data.SQLite.netmodule
 0001:000028d8       ?System.Data.SQLite.SQLite3.CreateCollation@@2003010O1280L81280L8 100038d8 f   System.Data.SQLite.netmodule
 0001:00002938       ?System.Data.SQLite.SQLite3.ContextCollateCompare@@2004081180M0180O0O 10003938 f   System.Data.SQLite.netmodule
 0001:00002994       ?System.Data.SQLite.SQLite3.ContextCollateCompare@@2004081180M0181N031N03 10003994 f   System.Data.SQLite.netmodule
 0001:000029f0       ?System.Data.SQLite.SQLite3.GetCollationSequence@@20021180M41280K018 100039f0 f   System.Data.SQLite.netmodule
 0001:00002a3c       ?System.Data.SQLite.SQLite3.GetParamValueBytes@@20050K18081N050808 10003a3c f   System.Data.SQLite.netmodule
 0001:00002a9c       ?System.Data.SQLite.SQLite3.GetParamValueDouble@@20010N18 10003a9c f   System.Data.SQLite.netmodule
 0001:00002ab4       ?System.Data.SQLite.SQLite3.GetParamValueInt32@@20010818 10003ab4 f   System.Data.SQLite.netmodule
 0001:00002ac8       ?System.Data.SQLite.SQLite3.GetParamValueInt64@@20010K18 10003ac8 f   System.Data.SQLite.netmodule
 0001:00002ae0       ?System.Data.SQLite.SQLite3.GetParamValueText@@20010O18 10003ae0 f   System.Data.SQLite.netmodule
 0001:00002afc       ?System.Data.SQLite.SQLite3.GetParamValueType@@2001117018 10003afc f   System.Data.SQLite.netmodule
 0001:00002b10       ?System.Data.SQLite.SQLite3.ReturnBlob@@200201181N05 10003b10 f   System.Data.SQLite.netmodule
 0001:00002b30       ?System.Data.SQLite.SQLite3.ReturnDouble@@200201180N 10003b30 f   System.Data.SQLite.netmodule
 0001:00002b44       ?System.Data.SQLite.SQLite3.ReturnError@@200201180O 10003b44 f   System.Data.SQLite.netmodule
 0001:00002b64       ?System.Data.SQLite.SQLite3.ReturnInt32@@2002011808 10003b64 f   System.Data.SQLite.netmodule
 0001:00002b78       ?System.Data.SQLite.SQLite3.ReturnInt64@@200201180K 10003b78 f   System.Data.SQLite.netmodule
 0001:00002b8c       ?System.Data.SQLite.SQLite3.ReturnNull@@20010118 10003b8c f   System.Data.SQLite.netmodule
 0001:00002ba0       ?System.Data.SQLite.SQLite3.ReturnText@@200201180O 10003ba0 f   System.Data.SQLite.netmodule
 0001:00002bcc       ?System.Data.SQLite.SQLite3.AggregateContext@@20011818 10003bcc f   System.Data.SQLite.netmodule
 0001:00002be0       ?System.Data.SQLite.SQLite3.SetExtendedResultCodes@@20010102 10003be0 f   System.Data.SQLite.netmodule
 0001:00002c08       ?System.Data.SQLite.SQLite3.ResultCode@@200008 10003c08 f   System.Data.SQLite.netmodule
 0001:00002c28       ?System.Data.SQLite.SQLite3.ExtendedResultCode@@200008 10003c28 f   System.Data.SQLite.netmodule
 0001:00002c48       ?System.Data.SQLite.SQLite3.LogMessage@@200201080O 10003c48 f   System.Data.SQLite.netmodule
 0001:00002c64       ?System.Data.SQLite.SQLite3.SetPassword@@2001011N05 10003c64 f   System.Data.SQLite.netmodule
 0001:00002c98       ?System.Data.SQLite.SQLite3.ChangePassword@@2001011N05 10003c98 f   System.Data.SQLite.netmodule
 0001:00002cd4       ?System.Data.SQLite.SQLite3.SetUpdateHook@@2001011238 10003cd4 f   System.Data.SQLite.netmodule
 0001:00002cf8       ?System.Data.SQLite.SQLite3.SetCommitHook@@200101123M 10003cf8 f   System.Data.SQLite.netmodule
 0001:00002d1c       ?System.Data.SQLite.SQLite3.SetTraceCallback@@2001011240 10003d1c f   System.Data.SQLite.netmodule
 0001:00002d40       ?System.Data.SQLite.SQLite3.SetRollbackHook@@2001011244 10003d40 f   System.Data.SQLite.netmodule
 0001:00002d64       ?System.Data.SQLite.SQLite3.SetLogCallback@@2001081208 10003d64 f   System.Data.SQLite.netmodule
 0001:00002d84       ?System.Data.SQLite.SQLite3.GetValue@@20031M1280O408127M 10003d84 f   System.Data.SQLite.netmodule
 0001:00002ebc       ?System.Data.SQLite.SQLite3.GetCursorForTable@@2003081280O40808 10003ebc f   System.Data.SQLite.netmodule
 0001:00002edc       ?System.Data.SQLite.SQLite3.GetRowIdForCursor@@20020K1280O408 10003edc f   System.Data.SQLite.netmodule
 0001:00002f04       ?System.Data.SQLite.SQLite3.GetIndexColumnExtendedInfo@@2006010O0O0O10081008100O 10003f04 f   System.Data.SQLite.netmodule
 0001:00002f58       ?System.Data.SQLite.SQLite3_UTF16..ctor@@2001011174 10003f58 f   System.Data.SQLite.netmodule
 0001:00002f6c       ?System.Data.SQLite.SQLite3_UTF16.ToString@@20020O1808 10003f6c f   System.Data.SQLite.netmodule
 0001:00002f80       ?System.Data.SQLite.SQLite3_UTF16.UTF16ToString@@00020O1808 10003f80 f   System.Data.SQLite.netmodule
 0001:00002fb8       ?System.Data.SQLite.SQLite3_UTF16.Open@@2004010O11200802 10003fb8 f   System.Data.SQLite.netmodule
 0001:00003030       ?System.Data.SQLite.SQLite3_UTF16.Bind_DateTime@@2003011280O4081169 10004030 f   System.Data.SQLite.netmodule
 0001:0000304c       ?System.Data.SQLite.SQLite3_UTF16.Bind_Text@@2003011280O4080O 1000404c f   System.Data.SQLite.netmodule
 0001:0000308c       ?System.Data.SQLite.SQLite3_UTF16.GetDateTime@@200211691280O408 1000408c f   System.Data.SQLite.netmodule
 0001:000030a8       ?System.Data.SQLite.SQLite3_UTF16.ColumnName@@20020O1280O408 100040a8 f   System.Data.SQLite.netmodule
 0001:000030d0       ?System.Data.SQLite.SQLite3_UTF16.GetText@@20020O1280O408 100040d0 f   System.Data.SQLite.netmodule
 0001:000030f8       ?System.Data.SQLite.SQLite3_UTF16.ColumnOriginalName@@20020O1280O408 100040f8 f   System.Data.SQLite.netmodule
 0001:00003120       ?System.Data.SQLite.SQLite3_UTF16.ColumnDatabaseName@@20020O1280O408 10004120 f   System.Data.SQLite.netmodule
 0001:00003148       ?System.Data.SQLite.SQLite3_UTF16.ColumnTableName@@20020O1280O408 10004148 f   System.Data.SQLite.netmodule
 0001:00003170       ?System.Data.SQLite.SQLite3_UTF16.GetParamValueText@@20010O18 10004170 f   System.Data.SQLite.netmodule
 0001:0000318c       ?System.Data.SQLite.SQLite3_UTF16.ReturnError@@200201180O 1000418c f   System.Data.SQLite.netmodule
 0001:000031a8       ?System.Data.SQLite.SQLite3_UTF16.ReturnText@@200201180O 100041a8 f   System.Data.SQLite.netmodule
 0001:000031cc       ?System.Data.SQLite.SQLiteCommand..ctor@@200001 100041cc f   System.Data.SQLite.netmodule
 0001:000031e4       ?System.Data.SQLite.SQLiteCommand..ctor@@2001010O 100041e4 f   System.Data.SQLite.netmodule
 0001:000031fc       ?System.Data.SQLite.SQLiteCommand..ctor@@2002010O1230 100041fc f   System.Data.SQLite.netmodule
 0001:00003214       ?System.Data.SQLite.SQLiteCommand..ctor@@2001011230 10004214 f   System.Data.SQLite.netmodule
 0001:0000322c       ?System.Data.SQLite.SQLiteCommand..ctor@@2001011228 1000422c f   System.Data.SQLite.netmodule
 0001:000032d8       ?System.Data.SQLite.SQLiteCommand..ctor@@2003010O12301280O8 100042d8 f   System.Data.SQLite.netmodule
 0001:00003338       ?System.Data.SQLite.SQLiteCommand.Dispose@@20010102 10004338 f   System.Data.SQLite.netmodule
 0001:000033b8       ?System.Data.SQLite.SQLiteCommand.ClearCommands@@200001 100043b8 f   System.Data.SQLite.netmodule
 0001:00003458       ?System.Data.SQLite.SQLiteCommand.BuildNextCommand@@20001280O4 10004458 f   System.Data.SQLite.netmodule
 0001:0000355c       ?System.Data.SQLite.SQLiteCommand.GetStatement@@20011280O408 1000455c f   System.Data.SQLite.netmodule
 0001:000035b0       ?System.Data.SQLite.SQLiteCommand.Cancel@@200001 100045b0 f   System.Data.SQLite.netmodule
 0001:000035e0       ?System.Data.SQLite.SQLiteCommand.get_CommandText@@20000O 100045e0 f   System.Data.SQLite.netmodule
 0001:000035f4       ?System.Data.SQLite.SQLiteCommand.set_CommandText@@2001010O 100045f4 f   System.Data.SQLite.netmodule
 0001:00003644       ?System.Data.SQLite.SQLiteCommand.get_CommandTimeout@@200008 10004644 f   System.Data.SQLite.netmodule
 0001:00003658       ?System.Data.SQLite.SQLiteCommand.set_CommandTimeout@@20010108 10004658 f   System.Data.SQLite.netmodule
 0001:0000366c       ?System.Data.SQLite.SQLiteCommand.get_CommandType@@2000118081 1000466c f   System.Data.SQLite.netmodule
 0001:0000367c       ?System.Data.SQLite.SQLiteCommand.set_CommandType@@200101118081 1000467c f   System.Data.SQLite.netmodule
 0001:00003694       ?System.Data.SQLite.SQLiteCommand.CreateDbParameter@@20001249 10004694 f   System.Data.SQLite.netmodule
 0001:000036a8       ?System.Data.SQLite.SQLiteCommand.CreateParameter@@20001280NM 100046a8 f   System.Data.SQLite.netmodule
 0001:000036bc       ?System.Data.SQLite.SQLiteCommand.get_Connection@@20001230 100046bc f   System.Data.SQLite.netmodule
 0001:000036d0       ?System.Data.SQLite.SQLiteCommand.set_Connection@@2001011230 100046d0 f   System.Data.SQLite.netmodule
 0001:0000372c       ?System.Data.SQLite.SQLiteCommand.get_DbConnection@@20001221 1000472c f   System.Data.SQLite.netmodule
 0001:00003740       ?System.Data.SQLite.SQLiteCommand.set_DbConnection@@2001011221 10004740 f   System.Data.SQLite.netmodule
 0001:0000375c       ?System.Data.SQLite.SQLiteCommand.get_Parameters@@20001280O0 1000475c f   System.Data.SQLite.netmodule
 0001:00003770       ?System.Data.SQLite.SQLiteCommand.get_DbParameterCollection@@2000124N 10004770 f   System.Data.SQLite.netmodule
 0001:00003784       ?System.Data.SQLite.SQLiteCommand.get_Transaction@@20001280O8 10004784 f   System.Data.SQLite.netmodule
 0001:00003798       ?System.Data.SQLite.SQLiteCommand.set_Transaction@@2001011280O8 10004798 f   System.Data.SQLite.netmodule
 0001:00003808       ?System.Data.SQLite.SQLiteCommand.get_DbTransaction@@20001251 10004808 f   System.Data.SQLite.netmodule
 0001:0000381c       ?System.Data.SQLite.SQLiteCommand.set_DbTransaction@@2001011251 1000481c f   System.Data.SQLite.netmodule
 0001:00003838       ?System.Data.SQLite.SQLiteCommand.InitializeForReader@@200001 10004838 f   System.Data.SQLite.netmodule
 0001:000038c8       ?System.Data.SQLite.SQLiteCommand.ExecuteDbDataReader@@20011235118085 100048c8 f   System.Data.SQLite.netmodule
 0001:000038dc       ?System.Data.SQLite.SQLiteCommand.ExecuteReader@@2001128088118085 100048dc f   System.Data.SQLite.netmodule
 0001:00003908       ?System.Data.SQLite.SQLiteCommand.ExecuteReader@@2000128088 10004908 f   System.Data.SQLite.netmodule
 0001:0000391c       ?System.Data.SQLite.SQLiteCommand.ClearDataReader@@200001 1000491c f   System.Data.SQLite.netmodule
 0001:00003930       ?System.Data.SQLite.SQLiteCommand.ExecuteNonQuery@@200008 10004930 f   System.Data.SQLite.netmodule
 0001:00003980       ?System.Data.SQLite.SQLiteCommand.ExecuteScalar@@20001M 10004980 f   System.Data.SQLite.netmodule
 0001:000039d4       ?System.Data.SQLite.SQLiteCommand.Prepare@@200001 100049d4 f   System.Data.SQLite.netmodule
 0001:000039e4       ?System.Data.SQLite.SQLiteCommand.get_UpdatedRowSource@@20001179 100049e4 f   System.Data.SQLite.netmodule
 0001:000039f8       ?System.Data.SQLite.SQLiteCommand.set_UpdatedRowSource@@2001011179 100049f8 f   System.Data.SQLite.netmodule
 0001:00003a0c       ?System.Data.SQLite.SQLiteCommand.get_DesignTimeVisible@@200002 10004a0c f   System.Data.SQLite.netmodule
 0001:00003a20       ?System.Data.SQLite.SQLiteCommand.set_DesignTimeVisible@@20010102 10004a20 f   System.Data.SQLite.netmodule
 0001:00003a3c       ?System.Data.SQLite.SQLiteCommand.Clone@@20001M 10004a3c f   System.Data.SQLite.netmodule
 0001:00003a50       ?System.Data.SQLite.SQLiteCommandBuilder..ctor@@200001 10004a50 f   System.Data.SQLite.netmodule
 0001:00003a64       ?System.Data.SQLite.SQLiteCommandBuilder..ctor@@200101128084 10004a64 f   System.Data.SQLite.netmodule
 0001:00003a94       ?System.Data.SQLite.SQLiteCommandBuilder.ApplyParameterInfo@@200401124912808911808N02 10004a94 f   System.Data.SQLite.netmodule
 0001:00003ac0       ?System.Data.SQLite.SQLiteCommandBuilder.GetParameterName@@20010O0O 10004ac0 f   System.Data.SQLite.netmodule
 0001:00003ae8       ?System.Data.SQLite.SQLiteCommandBuilder.GetParameterName@@20010O08 10004ae8 f   System.Data.SQLite.netmodule
 0001:00003b18       ?System.Data.SQLite.SQLiteCommandBuilder.GetParameterPlaceholder@@20010O08 10004b18 f   System.Data.SQLite.netmodule
 0001:00003b2c       ?System.Data.SQLite.SQLiteCommandBuilder.SetRowUpdatingHandler@@2001011231 10004b2c f   System.Data.SQLite.netmodule
 0001:00003b74       ?System.Data.SQLite.SQLiteCommandBuilder.RowUpdatingEventHandler@@2002011M128091 10004b74 f   System.Data.SQLite.netmodule
 0001:00003b88       ?System.Data.SQLite.SQLiteCommandBuilder.get_DataAdapter@@2000128084 10004b88 f   System.Data.SQLite.netmodule
 0001:00003ba0       ?System.Data.SQLite.SQLiteCommandBuilder.set_DataAdapter@@200101128084 10004ba0 f   System.Data.SQLite.netmodule
 0001:00003bb4       ?System.Data.SQLite.SQLiteCommandBuilder.GetDeleteCommand@@20001228 10004bb4 f   System.Data.SQLite.netmodule
 0001:00003bcc       ?System.Data.SQLite.SQLiteCommandBuilder.GetDeleteCommand@@2001122802 10004bcc f   System.Data.SQLite.netmodule
 0001:00003be8       ?System.Data.SQLite.SQLiteCommandBuilder.GetUpdateCommand@@20001228 10004be8 f   System.Data.SQLite.netmodule
 0001:00003c00       ?System.Data.SQLite.SQLiteCommandBuilder.GetUpdateCommand@@2001122802 10004c00 f   System.Data.SQLite.netmodule
 0001:00003c1c       ?System.Data.SQLite.SQLiteCommandBuilder.GetInsertCommand@@20001228 10004c1c f   System.Data.SQLite.netmodule
 0001:00003c34       ?System.Data.SQLite.SQLiteCommandBuilder.GetInsertCommand@@2001122802 10004c34 f   System.Data.SQLite.netmodule
 0001:00003c50       ?System.Data.SQLite.SQLiteCommandBuilder.get_CatalogLocation@@2000118095 10004c50 f   System.Data.SQLite.netmodule
 0001:00003c64       ?System.Data.SQLite.SQLiteCommandBuilder.set_CatalogLocation@@200101118095 10004c64 f   System.Data.SQLite.netmodule
 0001:00003c78       ?System.Data.SQLite.SQLiteCommandBuilder.get_CatalogSeparator@@20000O 10004c78 f   System.Data.SQLite.netmodule
 0001:00003c8c       ?System.Data.SQLite.SQLiteCommandBuilder.set_CatalogSeparator@@2001010O 10004c8c f   System.Data.SQLite.netmodule
 0001:00003ca0       ?System.Data.SQLite.SQLiteCommandBuilder.get_QuotePrefix@@20000O 10004ca0 f   System.Data.SQLite.netmodule
 0001:00003cb4       ?System.Data.SQLite.SQLiteCommandBuilder.set_QuotePrefix@@2001010O 10004cb4 f   System.Data.SQLite.netmodule
 0001:00003cc8       ?System.Data.SQLite.SQLiteCommandBuilder.get_QuoteSuffix@@20000O 10004cc8 f   System.Data.SQLite.netmodule
 0001:00003cdc       ?System.Data.SQLite.SQLiteCommandBuilder.set_QuoteSuffix@@2001010O 10004cdc f   System.Data.SQLite.netmodule
 0001:00003cf0       ?System.Data.SQLite.SQLiteCommandBuilder.QuoteIdentifier@@20010O0O 10004cf0 f   System.Data.SQLite.netmodule
 0001:00003d50       ?System.Data.SQLite.SQLiteCommandBuilder.UnquoteIdentifier@@20010O0O 10004d50 f   System.Data.SQLite.netmodule
 0001:00003dec       ?System.Data.SQLite.SQLiteCommandBuilder.get_SchemaSeparator@@20000O 10004dec f   System.Data.SQLite.netmodule
 0001:00003e00       ?System.Data.SQLite.SQLiteCommandBuilder.set_SchemaSeparator@@2001010O 10004e00 f   System.Data.SQLite.netmodule
 0001:00003e14       ?System.Data.SQLite.SQLiteCommandBuilder.GetSchemaTable@@20011280991215 10004e14 f   System.Data.SQLite.netmodule
 0001:00003e6c       ?System.Data.SQLite.SQLiteCommandBuilder.HasSchemaPrimaryKey@@200102128099 10004e6c f   System.Data.SQLite.netmodule
 0001:00003ef4       ?System.Data.SQLite.SQLiteCommandBuilder.ResetIsUniqueSchemaColumn@@200101128099 10004ef4 f   System.Data.SQLite.netmodule
 0001:00003f98       ?System.Data.SQLite.SQLiteConnection.add__updateHandler@@200101124M 10004f98 f   System.Data.SQLite.netmodule
 0001:00003fd0       ?System.Data.SQLite.SQLiteConnection.remove__updateHandler@@200101124M 10004fd0 f   System.Data.SQLite.netmodule
 0001:00004008       ?System.Data.SQLite.SQLiteConnection.add__commitHandler@@2001011248 10005008 f   System.Data.SQLite.netmodule
 0001:00004040       ?System.Data.SQLite.SQLiteConnection.remove__commitHandler@@2001011248 10005040 f   System.Data.SQLite.netmodule
 0001:00004078       ?System.Data.SQLite.SQLiteConnection.add__traceHandler@@2001011250 10005078 f   System.Data.SQLite.netmodule
 0001:000040b0       ?System.Data.SQLite.SQLiteConnection.remove__traceHandler@@2001011250 100050b0 f   System.Data.SQLite.netmodule
 0001:000040e8       ?System.Data.SQLite.SQLiteConnection.add__rollbackHandler@@2001011280K5 100050e8 f   System.Data.SQLite.netmodule
 0001:00004120       ?System.Data.SQLite.SQLiteConnection.remove__rollbackHandler@@2001011280K5 10005120 f   System.Data.SQLite.netmodule
 0001:00004158       ?System.Data.SQLite.SQLiteConnection.add_StateChange@@2001011280K9 10005158 f   System.Data.SQLite.netmodule
 0001:00004190       ?System.Data.SQLite.SQLiteConnection.remove_StateChange@@2001011280K9 10005190 f   System.Data.SQLite.netmodule
 0001:000041c8       ?System.Data.SQLite.SQLiteConnection..ctor@@200001 100051c8 f   System.Data.SQLite.netmodule
 0001:000041e0       ?System.Data.SQLite.SQLiteConnection..ctor@@2001010O 100051e0 f   System.Data.SQLite.netmodule
 0001:00004218       ?System.Data.SQLite.SQLiteConnection..ctor@@2001011230 10005218 f   System.Data.SQLite.netmodule
 0001:00004360       ?System.Data.SQLite.SQLiteConnection.Clone@@20001M 10005360 f   System.Data.SQLite.netmodule
 0001:00004374       ?System.Data.SQLite.SQLiteConnection.Dispose@@20010102 10005374 f   System.Data.SQLite.netmodule
 0001:00004394       ?System.Data.SQLite.SQLiteConnection.CreateFile@@0001010O 10005394 f   System.Data.SQLite.netmodule
 0001:000043b0       ?System.Data.SQLite.SQLiteConnection.OnStateChange@@20010111809N 100053b0 f   System.Data.SQLite.netmodule
 0001:000043ec       ?System.Data.SQLite.SQLiteConnection.BeginTransaction@@20021280O81180K102 100053ec f   System.Data.SQLite.netmodule
 0001:00004414       ?System.Data.SQLite.SQLiteConnection.BeginTransaction@@20011280O802 10005414 f   System.Data.SQLite.netmodule
 0001:0000443c       ?System.Data.SQLite.SQLiteConnection.BeginTransaction@@20011280O81180K1 1000543c f   System.Data.SQLite.netmodule
 0001:00004458       ?System.Data.SQLite.SQLiteConnection.BeginTransaction@@20001280O8 10005458 f   System.Data.SQLite.netmodule
 0001:00004478       ?System.Data.SQLite.SQLiteConnection.BeginDbTransaction@@200112511180K1 10005478 f   System.Data.SQLite.netmodule
 0001:000044cc       ?System.Data.SQLite.SQLiteConnection.ChangeDatabase@@2001010O 100054cc f   System.Data.SQLite.netmodule
 0001:000044e0       ?System.Data.SQLite.SQLiteConnection.Close@@200001 100054e0 f   System.Data.SQLite.netmodule
 0001:00004598       ?System.Data.SQLite.SQLiteConnection.ClearPool@@0001011230 10005598 f   System.Data.SQLite.netmodule
 0001:000045bc       ?System.Data.SQLite.SQLiteConnection.ClearAllPools@@000001 100055bc f   System.Data.SQLite.netmodule
 0001:000045d0       ?System.Data.SQLite.SQLiteConnection.get_ConnectionString@@20000O 100055d0 f   System.Data.SQLite.netmodule
 0001:000045e4       ?System.Data.SQLite.SQLiteConnection.set_ConnectionString@@2001010O 100055e4 f   System.Data.SQLite.netmodule
 0001:00004610       ?System.Data.SQLite.SQLiteConnection.CreateCommand@@20001228 10005610 f   System.Data.SQLite.netmodule
 0001:00004624       ?System.Data.SQLite.SQLiteConnection.CreateDbCommand@@20001215 10005624 f   System.Data.SQLite.netmodule
 0001:00004638       ?System.Data.SQLite.SQLiteConnection.get_DataSource@@20000O 10005638 f   System.Data.SQLite.netmodule
 0001:0000464c       ?System.Data.SQLite.SQLiteConnection.get_Database@@20000O 1000564c f   System.Data.SQLite.netmodule
 0001:00004660       ?System.Data.SQLite.SQLiteConnection.MapUriPath@@00010O0O 10005660 f   System.Data.SQLite.netmodule
 0001:000046b4       ?System.Data.SQLite.SQLiteConnection.ParseConnectionString@@0001151280KN020O0O0O 100056b4 f   System.Data.SQLite.netmodule
 0001:00004740       ?System.Data.SQLite.SQLiteConnection.EnlistTransaction@@2001011280L1 10005740 f   System.Data.SQLite.netmodule
 0001:000047a8       ?System.Data.SQLite.SQLiteConnection.FindKey@@00030O151280KN020O0O0O0O 100057a8 f   System.Data.SQLite.netmodule
 0001:000047c4       ?System.Data.SQLite.SQLiteConnection.Open@@200001 100057c4 f   System.Data.SQLite.netmodule
 0001:00004da0       ?System.Data.SQLite.SQLiteConnection.get_DefaultTimeout@@200008 10005da0 f   System.Data.SQLite.netmodule
 0001:00004db4       ?System.Data.SQLite.SQLiteConnection.set_DefaultTimeout@@20010108 10005db4 f   System.Data.SQLite.netmodule
 0001:00004dc8       ?System.Data.SQLite.SQLiteConnection.get_ServerVersion@@20000O 10005dc8 f   System.Data.SQLite.netmodule
 0001:00004ddc       ?System.Data.SQLite.SQLiteConnection.get_SQLiteVersion@@00000O 10005ddc f   System.Data.SQLite.netmodule
 0001:00004df0       ?System.Data.SQLite.SQLiteConnection.get_State@@200011809N 10005df0 f   System.Data.SQLite.netmodule
 0001:00004e04       ?System.Data.SQLite.SQLiteConnection.Shutdown@@200008 10005e04 f   System.Data.SQLite.netmodule
 0001:00004e9c       ?System.Data.SQLite.SQLiteConnection.SetExtendedResultCodes@@20010102 10005e9c f   System.Data.SQLite.netmodule
 0001:00004ec0       ?System.Data.SQLite.SQLiteConnection.ResultCode@@200008 10005ec0 f   System.Data.SQLite.netmodule
 0001:00004eec       ?System.Data.SQLite.SQLiteConnection.ExtendedResultCode@@200008 10005eec f   System.Data.SQLite.netmodule
 0001:00004f18       ?System.Data.SQLite.SQLiteConnection.LogMessage@@200201080O 10005f18 f   System.Data.SQLite.netmodule
 0001:00004f34       ?System.Data.SQLite.SQLiteConnection.ChangePassword@@2001010O 10005f34 f   System.Data.SQLite.netmodule
 0001:00004f60       ?System.Data.SQLite.SQLiteConnection.ChangePassword@@2001011N05 10005f60 f   System.Data.SQLite.netmodule
 0001:00004f90       ?System.Data.SQLite.SQLiteConnection.SetPassword@@2001010O 10005f90 f   System.Data.SQLite.netmodule
 0001:00004fbc       ?System.Data.SQLite.SQLiteConnection.SetPassword@@2001011N05 10005fbc f   System.Data.SQLite.netmodule
 0001:00004ff0       ?System.Data.SQLite.SQLiteConnection.ExpandFileName@@20010O0O 10005ff0 f   System.Data.SQLite.netmodule
 0001:000050b4       ?System.Data.SQLite.SQLiteConnection.GetSchema@@2000128099 100060b4 f   System.Data.SQLite.netmodule
 0001:000050d0       ?System.Data.SQLite.SQLiteConnection.GetSchema@@20011280990O 100060d0 f   System.Data.SQLite.netmodule
 0001:000050ec       ?System.Data.SQLite.SQLiteConnection.GetSchema@@20021280990O1N0O 100060ec f   System.Data.SQLite.netmodule
 0001:000052fc       ?System.Data.SQLite.SQLiteConnection.Schema_ReservedWords@@0000128099 100062fc f   System.Data.SQLite.netmodule
 0001:000053d0       ?System.Data.SQLite.SQLiteConnection.Schema_MetaDataCollections@@0000128099 100063d0 f   System.Data.SQLite.netmodule
 0001:00005470       ?System.Data.SQLite.SQLiteConnection.Schema_DataSourceInformation@@2000128099 10006470 f   System.Data.SQLite.netmodule
 0001:00005734       ?System.Data.SQLite.SQLiteConnection.Schema_Columns@@20031280990O0O0O 10006734 f   System.Data.SQLite.netmodule
 0001:00005e8c       ?System.Data.SQLite.SQLiteConnection.Schema_Indexes@@20031280990O0O0O 10006e8c f   System.Data.SQLite.netmodule
 0001:0000671c       ?System.Data.SQLite.SQLiteConnection.Schema_Triggers@@20031280990O0O0O 1000771c f   System.Data.SQLite.netmodule
 0001:00006918       ?System.Data.SQLite.SQLiteConnection.Schema_Tables@@20031280990O0O0O 10007918 f   System.Data.SQLite.netmodule
 0001:00006b90       ?System.Data.SQLite.SQLiteConnection.Schema_Views@@20021280990O0O 10007b90 f   System.Data.SQLite.netmodule
 0001:00006e30       ?System.Data.SQLite.SQLiteConnection.Schema_Catalogs@@20011280990O 10007e30 f   System.Data.SQLite.netmodule
 0001:00006f84       ?System.Data.SQLite.SQLiteConnection.Schema_DataTypes@@2000128099 10007f84 f   System.Data.SQLite.netmodule
 0001:00007228       ?System.Data.SQLite.SQLiteConnection.Schema_IndexColumns@@20041280990O0O0O0O 10008228 f   System.Data.SQLite.netmodule
 0001:00007924       ?System.Data.SQLite.SQLiteConnection.Schema_ViewColumns@@20031280990O0O0O 10008924 f   System.Data.SQLite.netmodule
 0001:000080ec       ?System.Data.SQLite.SQLiteConnection.Schema_ForeignKeys@@20031280990O0O0O 100090ec f   System.Data.SQLite.netmodule
 0001:000085bc       ?System.Data.SQLite.SQLiteConnection.add_Update@@200101124M 100095bc f   System.Data.SQLite.netmodule
 0001:00008604       ?System.Data.SQLite.SQLiteConnection.remove_Update@@200101124M 10009604 f   System.Data.SQLite.netmodule
 0001:0000863c       ?System.Data.SQLite.SQLiteConnection.UpdateCallback@@200501180818180K 1000963c f   System.Data.SQLite.netmodule
 0001:0000866c       ?System.Data.SQLite.SQLiteConnection.add_Commit@@2001011248 1000966c f   System.Data.SQLite.netmodule
 0001:000086b4       ?System.Data.SQLite.SQLiteConnection.remove_Commit@@2001011248 100096b4 f   System.Data.SQLite.netmodule
 0001:000086ec       ?System.Data.SQLite.SQLiteConnection.add_Trace@@2001011250 100096ec f   System.Data.SQLite.netmodule
 0001:00008734       ?System.Data.SQLite.SQLiteConnection.remove_Trace@@2001011250 10009734 f   System.Data.SQLite.netmodule
 0001:0000876c       ?System.Data.SQLite.SQLiteConnection.TraceCallback@@2002011818 1000976c f   System.Data.SQLite.netmodule
 0001:00008794       ?System.Data.SQLite.SQLiteConnection.add_RollBack@@2001011280K5 10009794 f   System.Data.SQLite.netmodule
 0001:000087dc       ?System.Data.SQLite.SQLiteConnection.remove_RollBack@@2001011280K5 100097dc f   System.Data.SQLite.netmodule
 0001:00008814       ?System.Data.SQLite.SQLiteConnection.CommitCallback@@20010818 10009814 f   System.Data.SQLite.netmodule
 0001:00008840       ?System.Data.SQLite.SQLiteConnection.RollbackCallback@@20010118 10009840 f   System.Data.SQLite.netmodule
 0001:00008860       ?System.Data.SQLite.SQLiteConnection.get_DbProviderFactory@@2000123N 10009860 f   System.Data.SQLite.netmodule
 0001:00008874       ?System.Data.SQLite.UpdateEventArgs..ctor@@2004010O0O11540K 10009874 f   System.Data.SQLite.netmodule
 0001:000088a4       ?System.Data.SQLite.CommitEventArgs..ctor@@200001 100098a4 f   System.Data.SQLite.netmodule
 0001:000088b8       ?System.Data.SQLite.TraceEventArgs..ctor@@2001010O 100098b8 f   System.Data.SQLite.netmodule
 0001:000088d4       ?System.Data.SQLite.SQLiteConnectionPool.Remove@@00031280P40O081008 100098d4 f   System.Data.SQLite.netmodule
 0001:00008998       ?System.Data.SQLite.SQLiteConnectionPool.ClearAllPools@@000001 10009998 f   System.Data.SQLite.netmodule
 0001:00008a90       ?System.Data.SQLite.SQLiteConnectionPool.ClearPool@@0001010O 10009a90 f   System.Data.SQLite.netmodule
 0001:00008b28       ?System.Data.SQLite.SQLiteConnectionPool.Add@@0003010O1280P408 10009b28 f   System.Data.SQLite.netmodule
 0001:00008bac       ?System.Data.SQLite.SQLiteConnectionPool.ResizePool@@000201126802 10009bac f   System.Data.SQLite.netmodule
 0001:00008bfc       ?System.Data.SQLite.SQLiteConnectionPool..cctor@@000001 10009bfc f   System.Data.SQLite.netmodule
 0001:00008c20       ?System.Data.SQLite.SQLiteConnectionPool.Pool..ctor@@2002010808 10009c20 f   System.Data.SQLite.netmodule
 0001:00008c4c       ?System.Data.SQLite.SQLiteConnectionStringBuilder..ctor@@200001 10009c4c f   System.Data.SQLite.netmodule
 0001:00008c68       ?System.Data.SQLite.SQLiteConnectionStringBuilder..ctor@@2001010O 10009c68 f   System.Data.SQLite.netmodule
 0001:00008c84       ?System.Data.SQLite.SQLiteConnectionStringBuilder.Initialize@@2001010O 10009c84 f   System.Data.SQLite.netmodule
 0001:00008cec       ?System.Data.SQLite.SQLiteConnectionStringBuilder.get_Version@@200008 10009cec f   System.Data.SQLite.netmodule
 0001:00008d14       ?System.Data.SQLite.SQLiteConnectionStringBuilder.set_Version@@20010108 10009d14 f   System.Data.SQLite.netmodule
 0001:00008d3c       ?System.Data.SQLite.SQLiteConnectionStringBuilder.get_SyncMode@@20001134 10009d3c f   System.Data.SQLite.netmodule
 0001:00008d80       ?System.Data.SQLite.SQLiteConnectionStringBuilder.set_SyncMode@@2001011134 10009d80 f   System.Data.SQLite.netmodule
 0001:00008da0       ?System.Data.SQLite.SQLiteConnectionStringBuilder.get_UseUTF16Encoding@@200002 10009da0 f   System.Data.SQLite.netmodule
 0001:00008dc4       ?System.Data.SQLite.SQLiteConnectionStringBuilder.set_UseUTF16Encoding@@20010102 10009dc4 f   System.Data.SQLite.netmodule
 0001:00008de4       ?System.Data.SQLite.SQLiteConnectionStringBuilder.get_Pooling@@200002 10009de4 f   System.Data.SQLite.netmodule
 0001:00008e08       ?System.Data.SQLite.SQLiteConnectionStringBuilder.set_Pooling@@20010102 10009e08 f   System.Data.SQLite.netmodule
 0001:00008e28       ?System.Data.SQLite.SQLiteConnectionStringBuilder.get_BinaryGUID@@200002 10009e28 f   System.Data.SQLite.netmodule
 0001:00008e4c       ?System.Data.SQLite.SQLiteConnectionStringBuilder.set_BinaryGUID@@20010102 10009e4c f   System.Data.SQLite.netmodule
 0001:00008e6c       ?System.Data.SQLite.SQLiteConnectionStringBuilder.get_DataSource@@20000O 10009e6c f   System.Data.SQLite.netmodule
 0001:00008e90       ?System.Data.SQLite.SQLiteConnectionStringBuilder.set_DataSource@@2001010O 10009e90 f   System.Data.SQLite.netmodule
 0001:00008eac       ?System.Data.SQLite.SQLiteConnectionStringBuilder.get_Uri@@20000O 10009eac f   System.Data.SQLite.netmodule
 0001:00008ed0       ?System.Data.SQLite.SQLiteConnectionStringBuilder.set_Uri@@2001010O 10009ed0 f   System.Data.SQLite.netmodule
 0001:00008eec       ?System.Data.SQLite.SQLiteConnectionStringBuilder.get_DefaultTimeout@@200008 10009eec f   System.Data.SQLite.netmodule
 0001:00008f14       ?System.Data.SQLite.SQLiteConnectionStringBuilder.set_DefaultTimeout@@20010108 10009f14 f   System.Data.SQLite.netmodule
 0001:00008f34       ?System.Data.SQLite.SQLiteConnectionStringBuilder.get_Enlist@@200002 10009f34 f   System.Data.SQLite.netmodule
 0001:00008f58       ?System.Data.SQLite.SQLiteConnectionStringBuilder.set_Enlist@@20010102 10009f58 f   System.Data.SQLite.netmodule
 0001:00008f78       ?System.Data.SQLite.SQLiteConnectionStringBuilder.get_FailIfMissing@@200002 10009f78 f   System.Data.SQLite.netmodule
 0001:00008f9c       ?System.Data.SQLite.SQLiteConnectionStringBuilder.set_FailIfMissing@@20010102 10009f9c f   System.Data.SQLite.netmodule
 0001:00008fbc       ?System.Data.SQLite.SQLiteConnectionStringBuilder.get_LegacyFormat@@200002 10009fbc f   System.Data.SQLite.netmodule
 0001:00008fe0       ?System.Data.SQLite.SQLiteConnectionStringBuilder.set_LegacyFormat@@20010102 10009fe0 f   System.Data.SQLite.netmodule
 0001:00009000       ?System.Data.SQLite.SQLiteConnectionStringBuilder.get_ReadOnly@@200002 1000a000 f   System.Data.SQLite.netmodule
 0001:00009024       ?System.Data.SQLite.SQLiteConnectionStringBuilder.set_ReadOnly@@20010102 1000a024 f   System.Data.SQLite.netmodule
 0001:00009044       ?System.Data.SQLite.SQLiteConnectionStringBuilder.get_Password@@20000O 1000a044 f   System.Data.SQLite.netmodule
 0001:00009068       ?System.Data.SQLite.SQLiteConnectionStringBuilder.set_Password@@2001010O 1000a068 f   System.Data.SQLite.netmodule
 0001:00009084       ?System.Data.SQLite.SQLiteConnectionStringBuilder.get_PageSize@@200008 1000a084 f   System.Data.SQLite.netmodule
 0001:000090ac       ?System.Data.SQLite.SQLiteConnectionStringBuilder.set_PageSize@@20010108 1000a0ac f   System.Data.SQLite.netmodule
 0001:000090cc       ?System.Data.SQLite.SQLiteConnectionStringBuilder.get_MaxPageCount@@200008 1000a0cc f   System.Data.SQLite.netmodule
 0001:000090f4       ?System.Data.SQLite.SQLiteConnectionStringBuilder.set_MaxPageCount@@20010108 1000a0f4 f   System.Data.SQLite.netmodule
 0001:00009114       ?System.Data.SQLite.SQLiteConnectionStringBuilder.get_CacheSize@@200008 1000a114 f   System.Data.SQLite.netmodule
 0001:0000913c       ?System.Data.SQLite.SQLiteConnectionStringBuilder.set_CacheSize@@20010108 1000a13c f   System.Data.SQLite.netmodule
 0001:0000915c       ?System.Data.SQLite.SQLiteConnectionStringBuilder.get_DateTimeFormat@@20001174 1000a15c f   System.Data.SQLite.netmodule
 0001:000091a0       ?System.Data.SQLite.SQLiteConnectionStringBuilder.set_DateTimeFormat@@2001011174 1000a1a0 f   System.Data.SQLite.netmodule
 0001:000091c0       ?System.Data.SQLite.SQLiteConnectionStringBuilder.get_JournalMode@@20001178 1000a1c0 f   System.Data.SQLite.netmodule
 0001:00009204       ?System.Data.SQLite.SQLiteConnectionStringBuilder.set_JournalMode@@2001011178 1000a204 f   System.Data.SQLite.netmodule
 0001:00009224       ?System.Data.SQLite.SQLiteConnectionStringBuilder.get_DefaultIsolationLevel@@20001180K1 1000a224 f   System.Data.SQLite.netmodule
 0001:00009268       ?System.Data.SQLite.SQLiteConnectionStringBuilder.set_DefaultIsolationLevel@@2001011180K1 1000a268 f   System.Data.SQLite.netmodule
 0001:00009288       ?System.Data.SQLite.SQLiteConnectionStringBuilder.get_ForeignKeys@@200002 1000a288 f   System.Data.SQLite.netmodule
 0001:000092ac       ?System.Data.SQLite.SQLiteConnectionStringBuilder.set_ForeignKeys@@20010102 1000a2ac f   System.Data.SQLite.netmodule
 0001:000092cc       ?System.Data.SQLite.SQLiteConnectionStringBuilder.TryGetValue@@2002020O101M 1000a2cc f   System.Data.SQLite.netmodule
 0001:00009374       ?System.Data.SQLite.SQLiteConnectionStringBuilder.FallbackGetProperties@@2001011280L9 1000a374 f   System.Data.SQLite.netmodule
 0001:00009400       ?System.Data.SQLite.SQLiteType..ctor@@200001 1000a400 f   System.Data.SQLite.netmodule
 0001:00009414       ?System.Data.SQLite.SQLiteTypeNames..ctor@@2002010O1171 1000a414 f   System.Data.SQLite.netmodule
 0001:00009430       ?System.Data.SQLite.SQLiteDataAdapter..ctor@@200001 1000a430 f   System.Data.SQLite.netmodule
 0001:00009444       ?System.Data.SQLite.SQLiteDataAdapter..ctor@@2001011228 1000a444 f   System.Data.SQLite.netmodule
 0001:00009460       ?System.Data.SQLite.SQLiteDataAdapter..ctor@@2002010O1230 1000a460 f   System.Data.SQLite.netmodule
 0001:00009480       ?System.Data.SQLite.SQLiteDataAdapter..ctor@@2002010O0O 1000a480 f   System.Data.SQLite.netmodule
 0001:000094a8       ?System.Data.SQLite.SQLiteDataAdapter.add_RowUpdating@@200101151280LN01128091 1000a4a8 f   System.Data.SQLite.netmodule
 0001:0000950c       ?System.Data.SQLite.SQLiteDataAdapter.remove_RowUpdating@@200101151280LN01128091 1000a50c f   System.Data.SQLite.netmodule
 0001:0000952c       ?System.Data.SQLite.SQLiteDataAdapter.FindBuilder@@00011280M11205 1000a52c f   System.Data.SQLite.netmodule
 0001:00009568       ?System.Data.SQLite.SQLiteDataAdapter.add_RowUpdated@@200101151280LN011280M5 1000a568 f   System.Data.SQLite.netmodule
 0001:00009588       ?System.Data.SQLite.SQLiteDataAdapter.remove_RowUpdated@@200101151280LN011280M5 1000a588 f   System.Data.SQLite.netmodule
 0001:000095a8       ?System.Data.SQLite.SQLiteDataAdapter.OnRowUpdating@@200101128091 1000a5a8 f   System.Data.SQLite.netmodule
 0001:000095d8       ?System.Data.SQLite.SQLiteDataAdapter.OnRowUpdated@@2001011280M5 1000a5d8 f   System.Data.SQLite.netmodule
 0001:00009608       ?System.Data.SQLite.SQLiteDataAdapter.get_SelectCommand@@20001228 1000a608 f   System.Data.SQLite.netmodule
 0001:00009620       ?System.Data.SQLite.SQLiteDataAdapter.set_SelectCommand@@2001011228 1000a620 f   System.Data.SQLite.netmodule
 0001:00009634       ?System.Data.SQLite.SQLiteDataAdapter.get_InsertCommand@@20001228 1000a634 f   System.Data.SQLite.netmodule
 0001:0000964c       ?System.Data.SQLite.SQLiteDataAdapter.set_InsertCommand@@2001011228 1000a64c f   System.Data.SQLite.netmodule
 0001:00009660       ?System.Data.SQLite.SQLiteDataAdapter.get_UpdateCommand@@20001228 1000a660 f   System.Data.SQLite.netmodule
 0001:00009678       ?System.Data.SQLite.SQLiteDataAdapter.set_UpdateCommand@@2001011228 1000a678 f   System.Data.SQLite.netmodule
 0001:0000968c       ?System.Data.SQLite.SQLiteDataAdapter.get_DeleteCommand@@20001228 1000a68c f   System.Data.SQLite.netmodule
 0001:000096a4       ?System.Data.SQLite.SQLiteDataAdapter.set_DeleteCommand@@2001011228 1000a6a4 f   System.Data.SQLite.netmodule
 0001:000096b8       ?System.Data.SQLite.SQLiteDataAdapter..cctor@@000001 1000a6b8 f   System.Data.SQLite.netmodule
 0001:000096dc       ?System.Data.SQLite.SQLiteDataReader..ctor@@2002011228118085 1000a6dc f   System.Data.SQLite.netmodule
 0001:00009738       ?System.Data.SQLite.SQLiteDataReader.Cancel@@200001 1000a738 f   System.Data.SQLite.netmodule
 0001:00009750       ?System.Data.SQLite.SQLiteDataReader.Dispose@@20010102 1000a750 f   System.Data.SQLite.netmodule
 0001:00009774       ?System.Data.SQLite.SQLiteDataReader.Close@@200001 1000a774 f   System.Data.SQLite.netmodule
 0001:00009884       ?System.Data.SQLite.SQLiteDataReader.CheckClosed@@200001 1000a884 f   System.Data.SQLite.netmodule
 0001:000098fc       ?System.Data.SQLite.SQLiteDataReader.CheckValidRow@@200001 1000a8fc f   System.Data.SQLite.netmodule
 0001:0000991c       ?System.Data.SQLite.SQLiteDataReader.GetEnumerator@@20001280M9 1000a91c f   System.Data.SQLite.netmodule
 0001:0000993c       ?System.Data.SQLite.SQLiteDataReader.get_Depth@@200008 1000a93c f   System.Data.SQLite.netmodule
 0001:00009950       ?System.Data.SQLite.SQLiteDataReader.get_FieldCount@@200008 1000a950 f   System.Data.SQLite.netmodule
 0001:00009984       ?System.Data.SQLite.SQLiteDataReader.get_VisibleFieldCount@@200008 1000a984 f   System.Data.SQLite.netmodule
 0001:000099a0       ?System.Data.SQLite.SQLiteDataReader.VerifyType@@20021170081171 1000a9a0 f   System.Data.SQLite.netmodule
 0001:00009a7c       ?System.Data.SQLite.SQLiteDataReader.GetBoolean@@20010208 1000aa7c f   System.Data.SQLite.netmodule
 0001:00009ac8       ?System.Data.SQLite.SQLiteDataReader.GetByte@@20010508 1000aac8 f   System.Data.SQLite.netmodule
 0001:00009b20       ?System.Data.SQLite.SQLiteDataReader.GetBytes@@20050K080K1N050808 1000ab20 f   System.Data.SQLite.netmodule
 0001:00009b80       ?System.Data.SQLite.SQLiteDataReader.GetChar@@20010308 1000ab80 f   System.Data.SQLite.netmodule
 0001:00009bd8       ?System.Data.SQLite.SQLiteDataReader.GetChars@@20050K080K1N030808 1000abd8 f   System.Data.SQLite.netmodule
 0001:00009c38       ?System.Data.SQLite.SQLiteDataReader.GetDataTypeName@@20010O08 1000ac38 f   System.Data.SQLite.netmodule
 0001:00009ca8       ?System.Data.SQLite.SQLiteDataReader.GetDateTime@@2001116908 1000aca8 f   System.Data.SQLite.netmodule
 0001:00009cfc       ?System.Data.SQLite.SQLiteDataReader.GetDecimal@@20011180MN08 1000acfc f   System.Data.SQLite.netmodule
 0001:00009d60       ?System.Data.SQLite.SQLiteDataReader.GetDouble@@20010N08 1000ad60 f   System.Data.SQLite.netmodule
 0001:00009db4       ?System.Data.SQLite.SQLiteDataReader.GetFieldType@@2001126N08 1000adb4 f   System.Data.SQLite.netmodule
 0001:00009df4       ?System.Data.SQLite.SQLiteDataReader.GetFloat@@20010M08 1000adf4 f   System.Data.SQLite.netmodule
 0001:00009e4c       ?System.Data.SQLite.SQLiteDataReader.GetGuid@@20011180N108 1000ae4c f   System.Data.SQLite.netmodule
 0001:00009ed4       ?System.Data.SQLite.SQLiteDataReader.GetInt16@@20010608 1000aed4 f   System.Data.SQLite.netmodule
 0001:00009f2c       ?System.Data.SQLite.SQLiteDataReader.GetInt32@@20010808 1000af2c f   System.Data.SQLite.netmodule
 0001:00009f80       ?System.Data.SQLite.SQLiteDataReader.GetInt64@@20010K08 1000af80 f   System.Data.SQLite.netmodule
 0001:00009fd4       ?System.Data.SQLite.SQLiteDataReader.GetName@@20010O08 1000afd4 f   System.Data.SQLite.netmodule
 0001:0000a020       ?System.Data.SQLite.SQLiteDataReader.GetOrdinal@@2001080O 1000b020 f   System.Data.SQLite.netmodule
 0001:0000a074       ?System.Data.SQLite.SQLiteDataReader.GetSchemaTable@@2000128099 1000b074 f   System.Data.SQLite.netmodule
 0001:0000a08c       ?System.Data.SQLite.SQLiteDataReader.GetSchemaTable@@20021280990202 1000b08c f   System.Data.SQLite.netmodule
 0001:0000aad0       ?System.Data.SQLite.SQLiteDataReader.GetString@@20010O08 1000bad0 f   System.Data.SQLite.netmodule
 0001:0000ab24       ?System.Data.SQLite.SQLiteDataReader.GetValue@@20011M08 1000bb24 f   System.Data.SQLite.netmodule
 0001:0000ab78       ?System.Data.SQLite.SQLiteDataReader.GetValues@@2001081N1M 1000bb78 f   System.Data.SQLite.netmodule
 0001:0000abb0       ?System.Data.SQLite.SQLiteDataReader.get_HasRows@@200002 1000bbb0 f   System.Data.SQLite.netmodule
 0001:0000abd0       ?System.Data.SQLite.SQLiteDataReader.get_IsClosed@@200002 1000bbd0 f   System.Data.SQLite.netmodule
 0001:0000abe8       ?System.Data.SQLite.SQLiteDataReader.IsDBNull@@20010208 1000bbe8 f   System.Data.SQLite.netmodule
 0001:0000ac34       ?System.Data.SQLite.SQLiteDataReader.NextResult@@200002 1000bc34 f   System.Data.SQLite.netmodule
 0001:0000adf0       ?System.Data.SQLite.SQLiteDataReader.GetSQLiteType@@2001127M08 1000bdf0 f   System.Data.SQLite.netmodule
 0001:0000ae88       ?System.Data.SQLite.SQLiteDataReader.Read@@200002 1000be88 f   System.Data.SQLite.netmodule
 0001:0000aef4       ?System.Data.SQLite.SQLiteDataReader.get_RecordsAffected@@200008 1000bef4 f   System.Data.SQLite.netmodule
 0001:0000af14       ?System.Data.SQLite.SQLiteDataReader.get_Item@@20011M0O 1000bf14 f   System.Data.SQLite.netmodule
 0001:0000af30       ?System.Data.SQLite.SQLiteDataReader.get_Item@@20011M08 1000bf30 f   System.Data.SQLite.netmodule
 0001:0000af44       ?System.Data.SQLite.SQLiteDataReader.LoadKeyInfo@@200001 1000bf44 f   System.Data.SQLite.netmodule
 0001:0000af84       ?System.Data.SQLite.SQLiteException..ctor@@2002011280N51180N9 1000bf84 f   System.Data.SQLite.netmodule
 0001:0000af9c       ?System.Data.SQLite.SQLiteException..ctor@@200201080O 1000bf9c f   System.Data.SQLite.netmodule
 0001:0000afc0       ?System.Data.SQLite.SQLiteException..ctor@@2001010O 1000bfc0 f   System.Data.SQLite.netmodule
 0001:0000afd4       ?System.Data.SQLite.SQLiteException..ctor@@200001 1000bfd4 f   System.Data.SQLite.netmodule
 0001:0000afe8       ?System.Data.SQLite.SQLiteException..ctor@@2002010O1280NN 1000bfe8 f   System.Data.SQLite.netmodule
 0001:0000b000       ?System.Data.SQLite.SQLiteException.get_ErrorCode@@2000118090 1000c000 f   System.Data.SQLite.netmodule
 0001:0000b014       ?System.Data.SQLite.SQLiteException.GetStockErrorMessage@@00020O080O 1000c014 f   System.Data.SQLite.netmodule
 0001:0000b060       ?System.Data.SQLite.SQLiteException..cctor@@000001 1000c060 f   System.Data.SQLite.netmodule
 0001:0000b168       ?System.Data.SQLite.LogEventArgs..ctor@@20030118080O 1000c168 f   System.Data.SQLite.netmodule
 0001:0000b18c       ?System.Data.SQLite.SQLiteFactory.add__logHandler@@200101128098 1000c18c f   System.Data.SQLite.netmodule
 0001:0000b1c4       ?System.Data.SQLite.SQLiteFactory.remove__logHandler@@200101128098 1000c1c4 f   System.Data.SQLite.netmodule
 0001:0000b1fc       ?System.Data.SQLite.SQLiteFactory.add_Log@@200101128098 1000c1fc f   System.Data.SQLite.netmodule
 0001:0000b218       ?System.Data.SQLite.SQLiteFactory.remove_Log@@200101128098 1000c218 f   System.Data.SQLite.netmodule
 0001:0000b22c       ?System.Data.SQLite.SQLiteFactory.LogCallback@@200301180818 1000c22c f   System.Data.SQLite.netmodule
 0001:0000b25c       ?System.Data.SQLite.SQLiteFactory..ctor@@200001 1000c25c f   System.Data.SQLite.netmodule
 0001:0000b2c0       ?System.Data.SQLite.SQLiteFactory.CreateCommand@@20001215 1000c2c0 f   System.Data.SQLite.netmodule
 0001:0000b2d4       ?System.Data.SQLite.SQLiteFactory.CreateCommandBuilder@@2000121N 1000c2d4 f   System.Data.SQLite.netmodule
 0001:0000b2e8       ?System.Data.SQLite.SQLiteFactory.CreateConnection@@20001221 1000c2e8 f   System.Data.SQLite.netmodule
 0001:0000b2fc       ?System.Data.SQLite.SQLiteFactory.CreateConnectionStringBuilder@@20001229 1000c2fc f   System.Data.SQLite.netmodule
 0001:0000b310       ?System.Data.SQLite.SQLiteFactory.CreateDataAdapter@@20001231 1000c310 f   System.Data.SQLite.netmodule
 0001:0000b324       ?System.Data.SQLite.SQLiteFactory.CreateParameter@@20001249 1000c324 f   System.Data.SQLite.netmodule
 0001:0000b338       ?System.Data.SQLite.SQLiteFactory..cctor@@000001 1000c338 f   System.Data.SQLite.netmodule
 0001:0000b36c       ?System.Data.SQLite.SQLiteFactory.System.IServiceProvider.GetService@@20011M126N 1000c36c f   System.Data.SQLite.netmodule
 0001:0000b3b0       ?System.Data.SQLite.SQLiteFactory.GetSQLiteProviderServicesInstance@@20001M 1000c3b0 f   System.Data.SQLite.netmodule
 0001:0000b414       ?System.Data.SQLite.SQLiteFunction..ctor@@200001 1000c414 f   System.Data.SQLite.netmodule
 0001:0000b434       ?System.Data.SQLite.SQLiteFunction.get_SQLiteConvert@@2000120M 1000c434 f   System.Data.SQLite.netmodule
 0001:0000b448       ?System.Data.SQLite.SQLiteFunction.Invoke@@20011M1N1M 1000c448 f   System.Data.SQLite.netmodule
 0001:0000b458       ?System.Data.SQLite.SQLiteFunction.Step@@2003011N1M08101M 1000c458 f   System.Data.SQLite.netmodule
 0001:0000b468       ?System.Data.SQLite.SQLiteFunction.Final@@20011M1M 1000c468 f   System.Data.SQLite.netmodule
 0001:0000b478       ?System.Data.SQLite.SQLiteFunction.Compare@@2002080O0O 1000c478 f   System.Data.SQLite.netmodule
 0001:0000b488       ?System.Data.SQLite.SQLiteFunction.ConvertParams@@20021N1M0818 1000c488 f   System.Data.SQLite.netmodule
 0001:0000b5f4       ?System.Data.SQLite.SQLiteFunction.SetReturnValue@@200201181M 1000c5f4 f   System.Data.SQLite.netmodule
 0001:0000b6f4       ?System.Data.SQLite.SQLiteFunction.ScalarCallback@@200301180818 1000c6f4 f   System.Data.SQLite.netmodule
 0001:0000b720       ?System.Data.SQLite.SQLiteFunction.CompareCallback@@2005081808180818 1000c720 f   System.Data.SQLite.netmodule
 0001:0000b744       ?System.Data.SQLite.SQLiteFunction.CompareCallback16@@2005081808180818 1000c744 f   System.Data.SQLite.netmodule
 0001:0000b768       ?System.Data.SQLite.SQLiteFunction.StepCallback@@200301180818 1000c768 f   System.Data.SQLite.netmodule
 0001:0000b7fc       ?System.Data.SQLite.SQLiteFunction.FinalCallback@@20010118 1000c7fc f   System.Data.SQLite.netmodule
 0001:0000b870       ?System.Data.SQLite.SQLiteFunction.Dispose@@20010102 1000c870 f   System.Data.SQLite.netmodule
 0001:0000b920       ?System.Data.SQLite.SQLiteFunction.Dispose@@200001 1000c920 f   System.Data.SQLite.netmodule
 0001:0000b93c       ?System.Data.SQLite.SQLiteFunction..cctor@@000001 1000c93c f   System.Data.SQLite.netmodule
 0001:0000ba8c       ?System.Data.SQLite.SQLiteFunction.RegisterFunction@@000101126N 1000ca8c f   System.Data.SQLite.netmodule
 0001:0000badc       ?System.Data.SQLite.SQLiteFunction.BindFunctions@@00011N1280K01210 1000cadc f   System.Data.SQLite.netmodule
 0001:0000bc5c       ?System.Data.SQLite.SQLiteFunction.AggregateData..ctor@@200001 1000cc5c f   System.Data.SQLite.netmodule
 0001:0000bc78       ?System.Data.SQLite.SQLiteFunctionEx.GetCollationSequence@@20001180M4 1000cc78 f   System.Data.SQLite.netmodule
 0001:0000bc98       ?System.Data.SQLite.SQLiteFunctionEx..ctor@@200001 1000cc98 f   System.Data.SQLite.netmodule
 0001:0000bcac       ?System.Data.SQLite.CollationSequence.Compare@@2002080O0O 1000ccac f   System.Data.SQLite.netmodule
 0001:0000bcdc       ?System.Data.SQLite.CollationSequence.Compare@@2002081N031N03 1000ccdc f   System.Data.SQLite.netmodule
 0001:0000bd0c       ?System.Data.SQLite.SQLiteFunctionAttribute..ctor@@200001 1000cd0c f   System.Data.SQLite.netmodule
 0001:0000bd38       ?System.Data.SQLite.SQLiteFunctionAttribute.get_Name@@20000O 1000cd38 f   System.Data.SQLite.netmodule
 0001:0000bd4c       ?System.Data.SQLite.SQLiteFunctionAttribute.set_Name@@2001010O 1000cd4c f   System.Data.SQLite.netmodule
 0001:0000bd60       ?System.Data.SQLite.SQLiteFunctionAttribute.get_Arguments@@200008 1000cd60 f   System.Data.SQLite.netmodule
 0001:0000bd74       ?System.Data.SQLite.SQLiteFunctionAttribute.set_Arguments@@20010108 1000cd74 f   System.Data.SQLite.netmodule
 0001:0000bd88       ?System.Data.SQLite.SQLiteFunctionAttribute.get_FuncType@@20001180KM 1000cd88 f   System.Data.SQLite.netmodule
 0001:0000bd9c       ?System.Data.SQLite.SQLiteFunctionAttribute.set_FuncType@@2001011180KM 1000cd9c f   System.Data.SQLite.netmodule
 0001:0000bdb0       ?System.Data.SQLite.SQLiteKeyReader..ctor@@20030112301280881280O4 1000cdb0 f   System.Data.SQLite.netmodule
 0001:0000c468       ?System.Data.SQLite.SQLiteKeyReader.get_Count@@200008 1000d468 f   System.Data.SQLite.netmodule
 0001:0000c488       ?System.Data.SQLite.SQLiteKeyReader.Sync@@20010108 1000d488 f   System.Data.SQLite.netmodule
 0001:0000c4b8       ?System.Data.SQLite.SQLiteKeyReader.Sync@@200001 1000d4b8 f   System.Data.SQLite.netmodule
 0001:0000c554       ?System.Data.SQLite.SQLiteKeyReader.Reset@@200001 1000d554 f   System.Data.SQLite.netmodule
 0001:0000c5b0       ?System.Data.SQLite.SQLiteKeyReader.Dispose@@200001 1000d5b0 f   System.Data.SQLite.netmodule
 0001:0000c610       ?System.Data.SQLite.SQLiteKeyReader.GetDataTypeName@@20010O08 1000d610 f   System.Data.SQLite.netmodule
 0001:0000c668       ?System.Data.SQLite.SQLiteKeyReader.GetFieldType@@2001126N08 1000d668 f   System.Data.SQLite.netmodule
 0001:0000c6c8       ?System.Data.SQLite.SQLiteKeyReader.GetName@@20010O08 1000d6c8 f   System.Data.SQLite.netmodule
 0001:0000c6e8       ?System.Data.SQLite.SQLiteKeyReader.GetOrdinal@@2001080O 1000d6e8 f   System.Data.SQLite.netmodule
 0001:0000c728       ?System.Data.SQLite.SQLiteKeyReader.GetBoolean@@20010208 1000d728 f   System.Data.SQLite.netmodule
 0001:0000c784       ?System.Data.SQLite.SQLiteKeyReader.GetByte@@20010508 1000d784 f   System.Data.SQLite.netmodule
 0001:0000c7e0       ?System.Data.SQLite.SQLiteKeyReader.GetBytes@@20050K080K1N050808 1000d7e0 f   System.Data.SQLite.netmodule
 0001:0000c840       ?System.Data.SQLite.SQLiteKeyReader.GetChar@@20010308 1000d840 f   System.Data.SQLite.netmodule
 0001:0000c89c       ?System.Data.SQLite.SQLiteKeyReader.GetChars@@20050K080K1N030808 1000d89c f   System.Data.SQLite.netmodule
 0001:0000c8fc       ?System.Data.SQLite.SQLiteKeyReader.GetDateTime@@2001116908 1000d8fc f   System.Data.SQLite.netmodule
 0001:0000c958       ?System.Data.SQLite.SQLiteKeyReader.GetDecimal@@20011180MN08 1000d958 f   System.Data.SQLite.netmodule
 0001:0000c9b4       ?System.Data.SQLite.SQLiteKeyReader.GetDouble@@20010N08 1000d9b4 f   System.Data.SQLite.netmodule
 0001:0000ca10       ?System.Data.SQLite.SQLiteKeyReader.GetFloat@@20010M08 1000da10 f   System.Data.SQLite.netmodule
 0001:0000ca6c       ?System.Data.SQLite.SQLiteKeyReader.GetGuid@@20011180N108 1000da6c f   System.Data.SQLite.netmodule
 0001:0000cac8       ?System.Data.SQLite.SQLiteKeyReader.GetInt16@@20010608 1000dac8 f   System.Data.SQLite.netmodule
 0001:0000cb58       ?System.Data.SQLite.SQLiteKeyReader.GetInt32@@20010808 1000db58 f   System.Data.SQLite.netmodule
 0001:0000cbe8       ?System.Data.SQLite.SQLiteKeyReader.GetInt64@@20010K08 1000dbe8 f   System.Data.SQLite.netmodule
 0001:0000cc78       ?System.Data.SQLite.SQLiteKeyReader.GetString@@20010O08 1000dc78 f   System.Data.SQLite.netmodule
 0001:0000ccd4       ?System.Data.SQLite.SQLiteKeyReader.GetValue@@20011M08 1000dcd4 f   System.Data.SQLite.netmodule
 0001:0000cd60       ?System.Data.SQLite.SQLiteKeyReader.IsDBNull@@20010208 1000dd60 f   System.Data.SQLite.netmodule
 0001:0000cdf8       ?System.Data.SQLite.SQLiteKeyReader.AppendSchemaTable@@200101128099 1000ddf8 f   System.Data.SQLite.netmodule
 0001:0000d0fc       ?System.Data.SQLite.SQLiteKeyReader.KeyQuery..ctor@@20040112300O0O1N0O 1000e0fc f   System.Data.SQLite.netmodule
 0001:0000d1b8       ?System.Data.SQLite.SQLiteKeyReader.KeyQuery.set_IsValid@@20010102 1000e1b8 f   System.Data.SQLite.netmodule
 0001:0000d1e8       ?System.Data.SQLite.SQLiteKeyReader.KeyQuery.Sync@@2001010K 1000e1e8 f   System.Data.SQLite.netmodule
 0001:0000d238       ?System.Data.SQLite.SQLiteKeyReader.KeyQuery.Dispose@@200001 1000e238 f   System.Data.SQLite.netmodule
 0001:0000d268       ?System.Data.SQLite.SQLiteMetaDataCollectionNames..cctor@@000001 1000e268 f   System.Data.SQLite.netmodule
 0001:0000d2d0       ?System.Data.SQLite.SQLiteParameter..ctor@@200001 1000e2d0 f   System.Data.SQLite.netmodule
 0001:0000d2ec       ?System.Data.SQLite.SQLiteParameter..ctor@@2001010O 1000e2ec f   System.Data.SQLite.netmodule
 0001:0000d308       ?System.Data.SQLite.SQLiteParameter..ctor@@2002010O1M 1000e308 f   System.Data.SQLite.netmodule
 0001:0000d32c       ?System.Data.SQLite.SQLiteParameter..ctor@@2002010O1171 1000e32c f   System.Data.SQLite.netmodule
 0001:0000d348       ?System.Data.SQLite.SQLiteParameter..ctor@@2003010O11710O 1000e348 f   System.Data.SQLite.netmodule
 0001:0000d364       ?System.Data.SQLite.SQLiteParameter..ctor@@2004010O11710O1180O5 1000e364 f   System.Data.SQLite.netmodule
 0001:0000d380       ?System.Data.SQLite.SQLiteParameter..ctor@@2001011171 1000e380 f   System.Data.SQLite.netmodule
 0001:0000d39c       ?System.Data.SQLite.SQLiteParameter..ctor@@20020111711M 1000e39c f   System.Data.SQLite.netmodule
 0001:0000d3c0       ?System.Data.SQLite.SQLiteParameter..ctor@@20020111710O 1000e3c0 f   System.Data.SQLite.netmodule
 0001:0000d3dc       ?System.Data.SQLite.SQLiteParameter..ctor@@20030111710O1180O5 1000e3dc f   System.Data.SQLite.netmodule
 0001:0000d3f4       ?System.Data.SQLite.SQLiteParameter..ctor@@2003010O117108 1000e3f4 f   System.Data.SQLite.netmodule
 0001:0000d410       ?System.Data.SQLite.SQLiteParameter..ctor@@2004010O1171080O 1000e410 f   System.Data.SQLite.netmodule
 0001:0000d430       ?System.Data.SQLite.SQLiteParameter..ctor@@2005010O1171080O1180O5 1000e430 f   System.Data.SQLite.netmodule
 0001:0000d470       ?System.Data.SQLite.SQLiteParameter..ctor@@2001011280NM 1000e470 f   System.Data.SQLite.netmodule
 0001:0000d4bc       ?System.Data.SQLite.SQLiteParameter..ctor@@200K010O1171081180O90205050O1180O51M 1000e4bc f   System.Data.SQLite.netmodule
 0001:0000d4f0       ?System.Data.SQLite.SQLiteParameter..ctor@@200K010O1171081180O905050O1180O5021M 1000e4f0 f   System.Data.SQLite.netmodule
 0001:0000d524       ?System.Data.SQLite.SQLiteParameter..ctor@@200201117108 1000e524 f   System.Data.SQLite.netmodule
 0001:0000d540       ?System.Data.SQLite.SQLiteParameter..ctor@@2003011171080O 1000e540 f   System.Data.SQLite.netmodule
 0001:0000d55c       ?System.Data.SQLite.SQLiteParameter..ctor@@2004011171080O1180O5 1000e55c f   System.Data.SQLite.netmodule
 0001:0000d578       ?System.Data.SQLite.SQLiteParameter.get_IsNullable@@200002 1000e578 f   System.Data.SQLite.netmodule
 0001:0000d58c       ?System.Data.SQLite.SQLiteParameter.set_IsNullable@@20010102 1000e58c f   System.Data.SQLite.netmodule
 0001:0000d5a0       ?System.Data.SQLite.SQLiteParameter.get_DbType@@20001171 1000e5a0 f   System.Data.SQLite.netmodule
 0001:0000d5e8       ?System.Data.SQLite.SQLiteParameter.set_DbType@@2001011171 1000e5e8 f   System.Data.SQLite.netmodule
 0001:0000d5fc       ?System.Data.SQLite.SQLiteParameter.get_Direction@@20001180O9 1000e5fc f   System.Data.SQLite.netmodule
 0001:0000d60c       ?System.Data.SQLite.SQLiteParameter.set_Direction@@2001011180O9 1000e60c f   System.Data.SQLite.netmodule
 0001:0000d624       ?System.Data.SQLite.SQLiteParameter.get_ParameterName@@20000O 1000e624 f   System.Data.SQLite.netmodule
 0001:0000d638       ?System.Data.SQLite.SQLiteParameter.set_ParameterName@@2001010O 1000e638 f   System.Data.SQLite.netmodule
 0001:0000d64c       ?System.Data.SQLite.SQLiteParameter.ResetDbType@@200001 1000e64c f   System.Data.SQLite.netmodule
 0001:0000d660       ?System.Data.SQLite.SQLiteParameter.get_Size@@200008 1000e660 f   System.Data.SQLite.netmodule
 0001:0000d674       ?System.Data.SQLite.SQLiteParameter.set_Size@@20010108 1000e674 f   System.Data.SQLite.netmodule
 0001:0000d688       ?System.Data.SQLite.SQLiteParameter.get_SourceColumn@@20000O 1000e688 f   System.Data.SQLite.netmodule
 0001:0000d69c       ?System.Data.SQLite.SQLiteParameter.set_SourceColumn@@2001010O 1000e69c f   System.Data.SQLite.netmodule
 0001:0000d6b0       ?System.Data.SQLite.SQLiteParameter.get_SourceColumnNullMapping@@200002 1000e6b0 f   System.Data.SQLite.netmodule
 0001:0000d6c4       ?System.Data.SQLite.SQLiteParameter.set_SourceColumnNullMapping@@20010102 1000e6c4 f   System.Data.SQLite.netmodule
 0001:0000d6d8       ?System.Data.SQLite.SQLiteParameter.get_SourceVersion@@20001180O5 1000e6d8 f   System.Data.SQLite.netmodule
 0001:0000d6ec       ?System.Data.SQLite.SQLiteParameter.set_SourceVersion@@2001011180O5 1000e6ec f   System.Data.SQLite.netmodule
 0001:0000d700       ?System.Data.SQLite.SQLiteParameter.get_Value@@20001M 1000e700 f   System.Data.SQLite.netmodule
 0001:0000d714       ?System.Data.SQLite.SQLiteParameter.set_Value@@2001011M 1000e714 f   System.Data.SQLite.netmodule
 0001:0000d75c       ?System.Data.SQLite.SQLiteParameter.Clone@@20001M 1000e75c f   System.Data.SQLite.netmodule
 0001:0000d774       ?System.Data.SQLite.SQLiteParameterCollection..ctor@@2001011228 1000e774 f   System.Data.SQLite.netmodule
 0001:0000d7a0       ?System.Data.SQLite.SQLiteParameterCollection.get_IsSynchronized@@200002 1000e7a0 f   System.Data.SQLite.netmodule
 0001:0000d7b0       ?System.Data.SQLite.SQLiteParameterCollection.get_IsFixedSize@@200002 1000e7b0 f   System.Data.SQLite.netmodule
 0001:0000d7c0       ?System.Data.SQLite.SQLiteParameterCollection.get_IsReadOnly@@200002 1000e7c0 f   System.Data.SQLite.netmodule
 0001:0000d7d0       ?System.Data.SQLite.SQLiteParameterCollection.get_SyncRoot@@20001M 1000e7d0 f   System.Data.SQLite.netmodule
 0001:0000d7e0       ?System.Data.SQLite.SQLiteParameterCollection.GetEnumerator@@20001280M9 1000e7e0 f   System.Data.SQLite.netmodule
 0001:0000d800       ?System.Data.SQLite.SQLiteParameterCollection.Add@@20041280NM0O1171080O 1000e800 f   System.Data.SQLite.netmodule
 0001:0000d824       ?System.Data.SQLite.SQLiteParameterCollection.Add@@20031280NM0O117108 1000e824 f   System.Data.SQLite.netmodule
 0001:0000d844       ?System.Data.SQLite.SQLiteParameterCollection.Add@@20021280NM0O1171 1000e844 f   System.Data.SQLite.netmodule
 0001:0000d864       ?System.Data.SQLite.SQLiteParameterCollection.Add@@2001081280NM 1000e864 f   System.Data.SQLite.netmodule
 0001:0000d8b4       ?System.Data.SQLite.SQLiteParameterCollection.Add@@2001081M 1000e8b4 f   System.Data.SQLite.netmodule
 0001:0000d8d0       ?System.Data.SQLite.SQLiteParameterCollection.AddWithValue@@20021280NM0O1M 1000e8d0 f   System.Data.SQLite.netmodule
 0001:0000d8f0       ?System.Data.SQLite.SQLiteParameterCollection.AddRange@@2001011N1280NM 1000e8f0 f   System.Data.SQLite.netmodule
 0001:0000d918       ?System.Data.SQLite.SQLiteParameterCollection.AddRange@@2001011280ON 1000e918 f   System.Data.SQLite.netmodule
 0001:0000d94c       ?System.Data.SQLite.SQLiteParameterCollection.Clear@@200001 1000e94c f   System.Data.SQLite.netmodule
 0001:0000d96c       ?System.Data.SQLite.SQLiteParameterCollection.Contains@@2001020O 1000e96c f   System.Data.SQLite.netmodule
 0001:0000d988       ?System.Data.SQLite.SQLiteParameterCollection.Contains@@2001021M 1000e988 f   System.Data.SQLite.netmodule
 0001:0000d9a8       ?System.Data.SQLite.SQLiteParameterCollection.CopyTo@@2002011280ON08 1000e9a8 f   System.Data.SQLite.netmodule
 0001:0000d9bc       ?System.Data.SQLite.SQLiteParameterCollection.get_Count@@200008 1000e9bc f   System.Data.SQLite.netmodule
 0001:0000d9d4       ?System.Data.SQLite.SQLiteParameterCollection.get_Item@@20011280NM0O 1000e9d4 f   System.Data.SQLite.netmodule
 0001:0000d9f0       ?System.Data.SQLite.SQLiteParameterCollection.set_Item@@2002010O1280NM 1000e9f0 f   System.Data.SQLite.netmodule
 0001:0000da08       ?System.Data.SQLite.SQLiteParameterCollection.get_Item@@20011280NM08 1000ea08 f   System.Data.SQLite.netmodule
 0001:0000da24       ?System.Data.SQLite.SQLiteParameterCollection.set_Item@@200201081280NM 1000ea24 f   System.Data.SQLite.netmodule
 0001:0000da3c       ?System.Data.SQLite.SQLiteParameterCollection.GetParameter@@200112490O 1000ea3c f   System.Data.SQLite.netmodule
 0001:0000da58       ?System.Data.SQLite.SQLiteParameterCollection.GetParameter@@2001124908 1000ea58 f   System.Data.SQLite.netmodule
 0001:0000da74       ?System.Data.SQLite.SQLiteParameterCollection.IndexOf@@2001080O 1000ea74 f   System.Data.SQLite.netmodule
 0001:0000dab8       ?System.Data.SQLite.SQLiteParameterCollection.IndexOf@@2001081M 1000eab8 f   System.Data.SQLite.netmodule
 0001:0000dad8       ?System.Data.SQLite.SQLiteParameterCollection.Insert@@200201081M 1000ead8 f   System.Data.SQLite.netmodule
 0001:0000db00       ?System.Data.SQLite.SQLiteParameterCollection.Remove@@2001011M 1000eb00 f   System.Data.SQLite.netmodule
 0001:0000db28       ?System.Data.SQLite.SQLiteParameterCollection.RemoveAt@@2001010O 1000eb28 f   System.Data.SQLite.netmodule
 0001:0000db44       ?System.Data.SQLite.SQLiteParameterCollection.RemoveAt@@20010108 1000eb44 f   System.Data.SQLite.netmodule
 0001:0000db64       ?System.Data.SQLite.SQLiteParameterCollection.SetParameter@@2002010O1249 1000eb64 f   System.Data.SQLite.netmodule
 0001:0000db80       ?System.Data.SQLite.SQLiteParameterCollection.SetParameter@@200201081249 1000eb80 f   System.Data.SQLite.netmodule
 0001:0000dba8       ?System.Data.SQLite.SQLiteParameterCollection.Unbind@@200001 1000eba8 f   System.Data.SQLite.netmodule
 0001:0000dbbc       ?System.Data.SQLite.SQLiteParameterCollection.MapParameters@@2001011280O4 1000ebbc f   System.Data.SQLite.netmodule
 0001:0000dd48       ?System.Data.SQLite.SQLiteStatement..ctor@@20040112101280P80O1280O4 1000ed48 f   System.Data.SQLite.netmodule
 0001:0000de18       ?System.Data.SQLite.SQLiteStatement.MapParameter@@2002020O1280NM 1000ee18 f   System.Data.SQLite.netmodule
 0001:0000dea0       ?System.Data.SQLite.SQLiteStatement.Dispose@@200001 1000eea0 f   System.Data.SQLite.netmodule
 0001:0000dee4       ?System.Data.SQLite.SQLiteStatement.BindParameters@@200001 1000eee4 f   System.Data.SQLite.netmodule
 0001:0000df20       ?System.Data.SQLite.SQLiteStatement.BindParameter@@200201081280NM 1000ef20 f   System.Data.SQLite.netmodule
 0001:0000e0c8       ?System.Data.SQLite.SQLiteStatement.get_TypeDefinitions@@20001N0O 1000f0c8 f   System.Data.SQLite.netmodule
 0001:0000e0dc       ?System.Data.SQLite.SQLiteStatement.SetTypes@@2001010O 1000f0dc f   System.Data.SQLite.netmodule
 0001:0000e1ac       ?System.Data.SQLite.SQLiteTransaction..ctor@@200201123002 1000f1ac f   System.Data.SQLite.netmodule
 0001:0000e294       ?System.Data.SQLite.SQLiteTransaction.Commit@@200001 1000f294 f   System.Data.SQLite.netmodule
 0001:0000e318       ?System.Data.SQLite.SQLiteTransaction.get_Connection@@20001230 1000f318 f   System.Data.SQLite.netmodule
 0001:0000e32c       ?System.Data.SQLite.SQLiteTransaction.get_DbConnection@@20001221 1000f32c f   System.Data.SQLite.netmodule
 0001:0000e340       ?System.Data.SQLite.SQLiteTransaction.Dispose@@20010102 1000f340 f   System.Data.SQLite.netmodule
 0001:0000e368       ?System.Data.SQLite.SQLiteTransaction.get_IsolationLevel@@20001180K1 1000f368 f   System.Data.SQLite.netmodule
 0001:0000e37c       ?System.Data.SQLite.SQLiteTransaction.Rollback@@200001 1000f37c f   System.Data.SQLite.netmodule
 0001:0000e398       ?System.Data.SQLite.SQLiteTransaction.IssueRollback@@200001 1000f398 f   System.Data.SQLite.netmodule
 0001:0000e400       ?System.Data.SQLite.SQLiteTransaction.IsValid@@20010202 1000f400 f   System.Data.SQLite.netmodule
 0001:0000e4a8       ?System.Data.SQLite.SR..ctor@@200001 1000f4a8 f   System.Data.SQLite.netmodule
 0001:0000e4bc       ?System.Data.SQLite.SR.get_ResourceManager@@00001280P1 1000f4bc f   System.Data.SQLite.netmodule
 0001:0000e4fc       ?System.Data.SQLite.SR.get_Culture@@00001280P5 1000f4fc f   System.Data.SQLite.netmodule
 0001:0000e510       ?System.Data.SQLite.SR.set_Culture@@0001011280P5 1000f510 f   System.Data.SQLite.netmodule
 0001:0000e524       ?System.Data.SQLite.SR.get_DataTypes@@00000O 1000f524 f   System.Data.SQLite.netmodule
 0001:0000e548       ?System.Data.SQLite.SR.get_Keywords@@00000O 1000f548 f   System.Data.SQLite.netmodule
 0001:0000e56c       ?System.Data.SQLite.SR.get_MetaDataCollections@@00000O 1000f56c f   System.Data.SQLite.netmodule
 0001:0000e590       ?System.Data.SQLite.SQLiteConnectionHandle.op_Implicit@@0001181280P4 1000f590 f   System.Data.SQLite.netmodule
 0001:0000e5a4       ?System.Data.SQLite.SQLiteConnectionHandle.op_Implicit@@00011280P418 1000f5a4 f   System.Data.SQLite.netmodule
 0001:0000e5b8       ?System.Data.SQLite.SQLiteConnectionHandle..ctor@@20010118 1000f5b8 f   System.Data.SQLite.netmodule
 0001:0000e5d4       ?System.Data.SQLite.SQLiteConnectionHandle..ctor@@200001 1000f5d4 f   System.Data.SQLite.netmodule
 0001:0000e5ec       ?System.Data.SQLite.SQLiteConnectionHandle.ReleaseHandle@@200002 1000f5ec f   System.Data.SQLite.netmodule
 0001:0000e624       ?System.Data.SQLite.SQLiteConnectionHandle.get_IsInvalid@@200002 1000f624 f   System.Data.SQLite.netmodule
 0001:0000e644       ?System.Data.SQLite.SQLiteStatementHandle.op_Implicit@@0001181280P8 1000f644 f   System.Data.SQLite.netmodule
 0001:0000e658       ?System.Data.SQLite.SQLiteStatementHandle.op_Implicit@@00011280P818 1000f658 f   System.Data.SQLite.netmodule
 0001:0000e66c       ?System.Data.SQLite.SQLiteStatementHandle..ctor@@20010118 1000f66c f   System.Data.SQLite.netmodule
 0001:0000e688       ?System.Data.SQLite.SQLiteStatementHandle..ctor@@200001 1000f688 f   System.Data.SQLite.netmodule
 0001:0000e6a0       ?System.Data.SQLite.SQLiteStatementHandle.ReleaseHandle@@200002 1000f6a0 f   System.Data.SQLite.netmodule
 0001:0000e6d8       ?System.Data.SQLite.SQLiteStatementHandle.get_IsInvalid@@200002 1000f6d8 f   System.Data.SQLite.netmodule
 0001:0000e6f8       ?System.Data.SQLite.SQLiteEnlistment..ctor@@20020112301280L1 1000f6f8 f   System.Data.SQLite.netmodule
 0001:0000e72c       ?System.Data.SQLite.SQLiteEnlistment.Cleanup@@2001011230 1000f72c f   System.Data.SQLite.netmodule
 0001:0000e758       ?System.Data.SQLite.SQLiteEnlistment.Commit@@2001011280P9 1000f758 f   System.Data.SQLite.netmodule
 0001:0000e7d0       ?System.Data.SQLite.SQLiteEnlistment.InDoubt@@2001011280P9 1000f7d0 f   System.Data.SQLite.netmodule
[...]
 0001:000943a0       _fts3ExprGlobalHitsCb      100953a0 f    CIL library: CIL module
 0001:000943d0       _fts3MatchinfoValues       100953d0 f    CIL library: CIL module
 0001:00094850       _fts3GetMatchinfo          10095850 f    CIL library: CIL module
 0001:00094a70       _sqlite3Fts3Matchinfo      10095a70 f    CIL library: CIL module
 0001:00094d40       _fts3MatchinfoFunc         10095d40 f    CIL library: CIL module
 0001:00094da0       _fts3FindFunctionMethod    10095da0 f    CIL library: CIL module

 Exports

  ordinal    name

        1    _sqlite3_activate_see
               exported name: sqlite3_activate_see
        2    _sqlite3_aggregate_context
               exported name: sqlite3_aggregate_context
        3    _sqlite3_aggregate_count
               exported name: sqlite3_aggregate_count
        4    _sqlite3_auto_extension
               exported name: sqlite3_auto_extension
        5    _sqlite3_backup_finish
               exported name: sqlite3_backup_finish
        6    _sqlite3_backup_init
               exported name: sqlite3_backup_init
        7    _sqlite3_backup_pagecount
               exported name: sqlite3_backup_pagecount
        8    _sqlite3_backup_remaining
               exported name: sqlite3_backup_remaining
        9    _sqlite3_backup_step
               exported name: sqlite3_backup_step
       10    _sqlite3_bind_blob
               exported name: sqlite3_bind_blob
       11    _sqlite3_bind_double
               exported name: sqlite3_bind_double
       12    _sqlite3_bind_double_interop@12
       13    _sqlite3_bind_int
               exported name: sqlite3_bind_int
       14    _sqlite3_bind_int64
               exported name: sqlite3_bind_int64
       15    _sqlite3_bind_int64_interop@12
       16    _sqlite3_bind_null
               exported name: sqlite3_bind_null
       17    _sqlite3_bind_parameter_count
               exported name: sqlite3_bind_parameter_count
       18    _sqlite3_bind_parameter_index
               exported name: sqlite3_bind_parameter_index
       19    _sqlite3_bind_parameter_name
               exported name: sqlite3_bind_parameter_name
       20    _sqlite3_bind_parameter_name_interop@12
       21    _sqlite3_bind_text
               exported name: sqlite3_bind_text
       22    _sqlite3_bind_text16
               exported name: sqlite3_bind_text16
       23    _sqlite3_bind_value
               exported name: sqlite3_bind_value
       24    _sqlite3_bind_zeroblob
               exported name: sqlite3_bind_zeroblob
       25    _sqlite3_blob_bytes
               exported name: sqlite3_blob_bytes
       26    _sqlite3_blob_close
               exported name: sqlite3_blob_close
       27    _sqlite3_blob_open
               exported name: sqlite3_blob_open
       28    _sqlite3_blob_read
               exported name: sqlite3_blob_read
       29    _sqlite3_blob_reopen
               exported name: sqlite3_blob_reopen
       30    _sqlite3_blob_write
               exported name: sqlite3_blob_write
       31    _sqlite3_busy_handler
               exported name: sqlite3_busy_handler
       32    _sqlite3_busy_timeout
               exported name: sqlite3_busy_timeout
       33    _sqlite3_changes
               exported name: sqlite3_changes
       34    _sqlite3_clear_bindings
               exported name: sqlite3_clear_bindings
       35    _sqlite3_close
               exported name: sqlite3_close
       36    _sqlite3_close_interop@4
       37    _sqlite3_collation_needed
               exported name: sqlite3_collation_needed
       38    _sqlite3_collation_needed16
               exported name: sqlite3_collation_needed16
       39    _sqlite3_column_blob
               exported name: sqlite3_column_blob
       40    _sqlite3_column_bytes
               exported name: sqlite3_column_bytes
       41    _sqlite3_column_bytes16
               exported name: sqlite3_column_bytes16
       42    _sqlite3_column_count
               exported name: sqlite3_column_count
       43    _sqlite3_column_database_name
               exported name: sqlite3_column_database_name
       44    _sqlite3_column_database_name16
               exported name: sqlite3_column_database_name16
       45    _sqlite3_column_database_name16_interop@12
       46    _sqlite3_column_database_name_interop@12
       47    _sqlite3_column_decltype
               exported name: sqlite3_column_decltype
       48    _sqlite3_column_decltype16
               exported name: sqlite3_column_decltype16
       49    _sqlite3_column_decltype16_interop@12
       50    _sqlite3_column_decltype_interop@12
       51    _sqlite3_column_double
               exported name: sqlite3_column_double
       52    _sqlite3_column_double_interop@12
       53    _sqlite3_column_int
               exported name: sqlite3_column_int
       54    _sqlite3_column_int64
               exported name: sqlite3_column_int64
       55    _sqlite3_column_int64_interop@12
       56    _sqlite3_column_name
               exported name: sqlite3_column_name
       57    _sqlite3_column_name16
               exported name: sqlite3_column_name16
       58    _sqlite3_column_name16_interop@12
       59    _sqlite3_column_name_interop@12
       60    _sqlite3_column_origin_name
               exported name: sqlite3_column_origin_name
       61    _sqlite3_column_origin_name16
               exported name: sqlite3_column_origin_name16
       62    _sqlite3_column_origin_name16_interop@12
       63    _sqlite3_column_origin_name_interop@12
       64    _sqlite3_column_table_name
               exported name: sqlite3_column_table_name
       65    _sqlite3_column_table_name16
               exported name: sqlite3_column_table_name16
       66    _sqlite3_column_table_name16_interop@12
       67    _sqlite3_column_table_name_interop@12
       68    _sqlite3_column_text
               exported name: sqlite3_column_text
       69    _sqlite3_column_text16
               exported name: sqlite3_column_text16
       70    _sqlite3_column_text16_interop@12
       71    _sqlite3_column_text_interop@12
       72    _sqlite3_column_type
               exported name: sqlite3_column_type
       73    _sqlite3_column_value
               exported name: sqlite3_column_value
       74    _sqlite3_commit_hook
               exported name: sqlite3_commit_hook
       75    _sqlite3_compileoption_get
               exported name: sqlite3_compileoption_get
       76    _sqlite3_compileoption_used
               exported name: sqlite3_compileoption_used
       77    _sqlite3_complete
               exported name: sqlite3_complete
       78    _sqlite3_complete16
               exported name: sqlite3_complete16
       79    _sqlite3_config
               exported name: sqlite3_config
       80    _sqlite3_context_collcompare@20
       81    _sqlite3_context_collseq@16
       82    _sqlite3_context_db_handle
               exported name: sqlite3_context_db_handle
       83    _sqlite3_create_collation
               exported name: sqlite3_create_collation
       84    _sqlite3_create_collation16
               exported name: sqlite3_create_collation16
       85    _sqlite3_create_collation_v2
               exported name: sqlite3_create_collation_v2
       86    _sqlite3_create_function
               exported name: sqlite3_create_function
       87    _sqlite3_create_function16
               exported name: sqlite3_create_function16
       88    _sqlite3_create_function_interop@36
       89    _sqlite3_create_function_v2
               exported name: sqlite3_create_function_v2
       90    _sqlite3_create_module
               exported name: sqlite3_create_module
       91    _sqlite3_create_module_v2
               exported name: sqlite3_create_module_v2
       92    _sqlite3_cursor_rowid@12
       93    _sqlite3_data_count
               exported name: sqlite3_data_count
       94    _sqlite3_db_config
               exported name: sqlite3_db_config
       95    _sqlite3_db_handle
               exported name: sqlite3_db_handle
       96    _sqlite3_db_mutex
               exported name: sqlite3_db_mutex
       97    _sqlite3_db_status
               exported name: sqlite3_db_status
       98    _sqlite3_declare_vtab
               exported name: sqlite3_declare_vtab
       99    _sqlite3_enable_load_extension
               exported name: sqlite3_enable_load_extension
      100    _sqlite3_enable_shared_cache
               exported name: sqlite3_enable_shared_cache
      101    _sqlite3_errcode
               exported name: sqlite3_errcode
      102    _sqlite3_errmsg
               exported name: sqlite3_errmsg
      103    _sqlite3_errmsg16
               exported name: sqlite3_errmsg16
      104    _sqlite3_errmsg_interop@8
      105    _sqlite3_exec
               exported name: sqlite3_exec
      106    _sqlite3_expired
               exported name: sqlite3_expired
      107    _sqlite3_extended_errcode
               exported name: sqlite3_extended_errcode
      108    _sqlite3_extended_result_codes
               exported name: sqlite3_extended_result_codes
      109    _sqlite3_file_control
               exported name: sqlite3_file_control
      110    _sqlite3_finalize
               exported name: sqlite3_finalize
      111    _sqlite3_finalize_interop@4
      112    _sqlite3_free
               exported name: sqlite3_free
      113    _sqlite3_free_table
               exported name: sqlite3_free_table
      114    _sqlite3_get_autocommit
               exported name: sqlite3_get_autocommit
      115    _sqlite3_get_auxdata
               exported name: sqlite3_get_auxdata
      116    _sqlite3_get_table
               exported name: sqlite3_get_table
      117    _sqlite3_global_recover
               exported name: sqlite3_global_recover
      118    _sqlite3_index_column_info_interop@32
      119    _sqlite3_initialize
               exported name: sqlite3_initialize
      120    _sqlite3_interrupt
               exported name: sqlite3_interrupt
      121    _sqlite3_key
               exported name: sqlite3_key
      122    _sqlite3_last_insert_rowid
               exported name: sqlite3_last_insert_rowid
      123    _sqlite3_libversion
               exported name: sqlite3_libversion
      124    _sqlite3_libversion_number
               exported name: sqlite3_libversion_number
      125    _sqlite3_limit
               exported name: sqlite3_limit
      126    _sqlite3_load_extension
               exported name: sqlite3_load_extension
      127    _sqlite3_log
               exported name: sqlite3_log
      128    _sqlite3_malloc
               exported name: sqlite3_malloc
      129    _sqlite3_memory_alarm
               exported name: sqlite3_memory_alarm
      130    _sqlite3_memory_highwater
               exported name: sqlite3_memory_highwater
      131    _sqlite3_memory_used
               exported name: sqlite3_memory_used
      132    _sqlite3_mprintf
               exported name: sqlite3_mprintf
      133    _sqlite3_mutex_alloc
               exported name: sqlite3_mutex_alloc
      134    _sqlite3_mutex_enter
               exported name: sqlite3_mutex_enter
      135    _sqlite3_mutex_free
               exported name: sqlite3_mutex_free
      136    _sqlite3_mutex_leave
               exported name: sqlite3_mutex_leave
      137    _sqlite3_mutex_try
               exported name: sqlite3_mutex_try
      138    _sqlite3_next_stmt
               exported name: sqlite3_next_stmt
      139    _sqlite3_open
               exported name: sqlite3_open
      140    _sqlite3_open16
               exported name: sqlite3_open16
      141    _sqlite3_open16_interop@12
      142    _sqlite3_open_interop@12
      143    _sqlite3_open_v2
               exported name: sqlite3_open_v2
      144    _sqlite3_os_end
               exported name: sqlite3_os_end
      145    _sqlite3_os_init
               exported name: sqlite3_os_init
      146    _sqlite3_overload_function
               exported name: sqlite3_overload_function
      147    _sqlite3_prepare
               exported name: sqlite3_prepare
      148    _sqlite3_prepare16
               exported name: sqlite3_prepare16
      149    _sqlite3_prepare16_interop@24
      150    _sqlite3_prepare16_v2
               exported name: sqlite3_prepare16_v2
      151    _sqlite3_prepare_interop@24
      152    _sqlite3_prepare_v2
               exported name: sqlite3_prepare_v2
      153    _sqlite3_profile
               exported name: sqlite3_profile
      154    _sqlite3_progress_handler
               exported name: sqlite3_progress_handler
      155    _sqlite3_randomness
               exported name: sqlite3_randomness
      156    _sqlite3_realloc
               exported name: sqlite3_realloc
      157    _sqlite3_rekey
               exported name: sqlite3_rekey
      158    _sqlite3_release_memory
               exported name: sqlite3_release_memory
      159    _sqlite3_reset
               exported name: sqlite3_reset
      160    _sqlite3_reset_auto_extension
               exported name: sqlite3_reset_auto_extension
      161    _sqlite3_reset_interop@4
      162    _sqlite3_result_blob
               exported name: sqlite3_result_blob
      163    _sqlite3_result_double
               exported name: sqlite3_result_double
      164    _sqlite3_result_double_interop@8
      165    _sqlite3_result_error
               exported name: sqlite3_result_error
      166    _sqlite3_result_error16
               exported name: sqlite3_result_error16
      167    _sqlite3_result_error_code
               exported name: sqlite3_result_error_code
      168    _sqlite3_result_error_nomem
               exported name: sqlite3_result_error_nomem
      169    _sqlite3_result_error_toobig
               exported name: sqlite3_result_error_toobig
      170    _sqlite3_result_int
               exported name: sqlite3_result_int
      171    _sqlite3_result_int64
               exported name: sqlite3_result_int64
      172    _sqlite3_result_int64_interop@8
      173    _sqlite3_result_null
               exported name: sqlite3_result_null
      174    _sqlite3_result_text
               exported name: sqlite3_result_text
      175    _sqlite3_result_text16
               exported name: sqlite3_result_text16
      176    _sqlite3_result_text16be
               exported name: sqlite3_result_text16be
      177    _sqlite3_result_text16le
               exported name: sqlite3_result_text16le
      178    _sqlite3_result_value
               exported name: sqlite3_result_value
      179    _sqlite3_result_zeroblob
               exported name: sqlite3_result_zeroblob
      180    _sqlite3_rollback_hook
               exported name: sqlite3_rollback_hook
      181    _sqlite3_rtree_geometry_callback
               exported name: sqlite3_rtree_geometry_callback
      182    _sqlite3_set_authorizer
               exported name: sqlite3_set_authorizer
      183    _sqlite3_set_auxdata
               exported name: sqlite3_set_auxdata
      184    _sqlite3_shutdown
               exported name: sqlite3_shutdown
      185    _sqlite3_sleep
               exported name: sqlite3_sleep
      186    _sqlite3_snprintf
               exported name: sqlite3_snprintf
      187    _sqlite3_soft_heap_limit
               exported name: sqlite3_soft_heap_limit
      188    _sqlite3_soft_heap_limit64
               exported name: sqlite3_soft_heap_limit64
      189    _sqlite3_sourceid
               exported name: sqlite3_sourceid
      190    _sqlite3_sql
               exported name: sqlite3_sql
      191    _sqlite3_status
               exported name: sqlite3_status
      192    _sqlite3_step
               exported name: sqlite3_step
      193    _sqlite3_stmt_readonly
               exported name: sqlite3_stmt_readonly
      194    _sqlite3_stmt_status
               exported name: sqlite3_stmt_status
      195    _sqlite3_strnicmp
               exported name: sqlite3_strnicmp
      196    _sqlite3_table_column_metadata
               exported name: sqlite3_table_column_metadata
      197    _sqlite3_table_column_metadata_interop@44
      198    _sqlite3_table_cursor@12
      199    _sqlite3_temp_directory
               exported name: sqlite3_temp_directory
      200    _sqlite3_test_control
               exported name: sqlite3_test_control
      201    _sqlite3_thread_cleanup
               exported name: sqlite3_thread_cleanup
      202    _sqlite3_threadsafe
               exported name: sqlite3_threadsafe
      203    _sqlite3_total_changes
               exported name: sqlite3_total_changes
      204    _sqlite3_trace
               exported name: sqlite3_trace
      205    _sqlite3_transfer_bindings
               exported name: sqlite3_transfer_bindings
      206    _sqlite3_update_hook
               exported name: sqlite3_update_hook
      207    _sqlite3_uri_parameter
               exported name: sqlite3_uri_parameter
      208    _sqlite3_user_data
               exported name: sqlite3_user_data
      209    _sqlite3_value_blob
               exported name: sqlite3_value_blob
      210    _sqlite3_value_bytes
               exported name: sqlite3_value_bytes
      211    _sqlite3_value_bytes16
               exported name: sqlite3_value_bytes16
      212    _sqlite3_value_double
               exported name: sqlite3_value_double
      213    _sqlite3_value_double_interop@8
      214    _sqlite3_value_int
               exported name: sqlite3_value_int
      215    _sqlite3_value_int64
               exported name: sqlite3_value_int64
      216    _sqlite3_value_int64_interop@8
      217    _sqlite3_value_numeric_type
               exported name: sqlite3_value_numeric_type
      218    _sqlite3_value_text
               exported name: sqlite3_value_text
      219    _sqlite3_value_text16
               exported name: sqlite3_value_text16
      220    _sqlite3_value_text16_interop@8
      221    _sqlite3_value_text16be
               exported name: sqlite3_value_text16be
      222    _sqlite3_value_text16le
               exported name: sqlite3_value_text16le
      223    _sqlite3_value_text_interop@8
      224    _sqlite3_value_type
               exported name: sqlite3_value_type
      225    _sqlite3_version
               exported name: sqlite3_version
      226    _sqlite3_vfs_find
               exported name: sqlite3_vfs_find
      227    _sqlite3_vfs_register
               exported name: sqlite3_vfs_register
      228    _sqlite3_vfs_unregister
               exported name: sqlite3_vfs_unregister
      229    _sqlite3_vmprintf
               exported name: sqlite3_vmprintf
      230    _sqlite3_vsnprintf
               exported name: sqlite3_vsnprintf
      231    _sqlite3_vtab_config
               exported name: sqlite3_vtab_config
      232    _sqlite3_vtab_on_conflict
               exported name: sqlite3_vtab_on_conflict
      233    _sqlite3_wal_autocheckpoint
               exported name: sqlite3_wal_autocheckpoint
      234    _sqlite3_wal_checkpoint
               exported name: sqlite3_wal_checkpoint
      235    _sqlite3_wal_checkpoint_v2
               exported name: sqlite3_wal_checkpoint_v2
      236    _sqlite3_wal_hook
               exported name: sqlite3_wal_hook
      237    _sqlite3_win32_mbcs_to_utf8
               exported name: sqlite3_win32_mbcs_to_utf8
      238    _sqlite3_win32_utf8_to_mbcs
               exported name: sqlite3_win32_utf8_to_mbcs
